#
# There is insufficient memory for the Java Runtime Environment to continue.
# Native memory allocation (malloc) failed to allocate 1947216 bytes for Chunk::new
# Possible reasons:
#   The system is out of physical RAM or swap space
#   The process is running with CompressedOops enabled, and the Java Heap may be blocking the growth of the native heap
# Possible solutions:
#   Reduce memory load on the system
#   Increase physical memory or swap space
#   Check if swap backing store is full
#   Decrease Java heap size (-Xmx/-Xms)
#   Decrease number of Java threads
#   Decrease Java thread stack sizes (-Xss)
#   Set larger code cache with -XX:ReservedCodeCacheSize=
#   JVM is running with Unscaled Compressed Oops mode in which the Java heap is
#     placed in the first 4GB address space. The Java Heap base address is the
#     maximum limit for the native heap growth. Please use -XX:HeapBaseMinAddress
#     to set the Java Heap base and to place the Java Heap above 4GB virtual address.
# This output file may be truncated or incomplete.
#
#  Out of Memory Error (arena.cpp:189), pid=20688, tid=17212
#
# JRE version: Java(TM) SE Runtime Environment (17.0.12+8) (build 17.0.12+8-LTS-286)
# Java VM: Java HotSpot(TM) 64-Bit Server VM (17.0.12+8-LTS-286, mixed mode, sharing, tiered, compressed oops, compressed class ptrs, g1 gc, windows-amd64)
# No core dump will be written. Minidumps are not enabled by default on client versions of Windows
#

---------------  S U M M A R Y ------------

Command Line: -XX:MaxMetaspaceSize=512m --add-opens=java.base/java.util=ALL-UNNAMED --add-opens=java.base/java.lang=ALL-UNNAMED --add-opens=java.base/java.lang.invoke=ALL-UNNAMED --add-opens=java.prefs/java.util.prefs=ALL-UNNAMED --add-exports=jdk.compiler/com.sun.tools.javac.api=ALL-UNNAMED --add-exports=jdk.compiler/com.sun.tools.javac.util=ALL-UNNAMED --add-opens=java.base/java.nio.charset=ALL-UNNAMED --add-opens=java.base/java.net=ALL-UNNAMED --add-opens=java.base/java.util.concurrent.atomic=ALL-UNNAMED -Xmx2048m -Dfile.encoding=utf8 -Duser.country=IN -Duser.language=en -Duser.variant -javaagent:C:\Users\Sandipan\.gradle\wrapper\dists\gradle-8.9-bin\90cnw93cvbtalezasaz0blq0a\gradle-8.9\lib\agents\gradle-instrumentation-agent-8.9.jar org.gradle.launcher.daemon.bootstrap.GradleDaemon 8.9

Host: AMD Ryzen 3 7320U with Radeon Graphics         , 8 cores, 5G,  Windows 11 , 64 bit Build 26100 (10.0.26100.8875)
Time: Thu Aug 13 14:02:39 2026 India Standard Time elapsed time: 472.386614 seconds (0d 0h 7m 52s)

---------------  T H R E A D  ---------------

Current thread (0x0000024e7aea3f90):  JavaThread "C2 CompilerThread0" daemon [_thread_in_native, id=17212, stack(0x000000ec4cd00000,0x000000ec4ce00000)]


Current CompileTask:
C2: 472387 22591   !   4       org.jetbrains.kotlin.metadata.ProtoBuf$Property::<init> (1283 bytes)

Stack: [0x000000ec4cd00000,0x000000ec4ce00000]
Native frames: (J=compiled Java code, j=interpreted, Vv=VM code, C=native code)
V  [jvm.dll+0x67a04a]
V  [jvm.dll+0x7da4ed]
V  [jvm.dll+0x7dbe33]
V  [jvm.dll+0x7dc4a3]
V  [jvm.dll+0x24508f]
V  [jvm.dll+0xab773]
V  [jvm.dll+0xabd3c]
V  [jvm.dll+0x361b9f]
V  [jvm.dll+0x32c431]
V  [jvm.dll+0x32b8ca]
V  [jvm.dll+0x21683f]
V  [jvm.dll+0x215c6f]
V  [jvm.dll+0x1a2960]
V  [jvm.dll+0x22610b]
V  [jvm.dll+0x2242ab]
V  [jvm.dll+0x79075c]
V  [jvm.dll+0x78abea]
V  [jvm.dll+0x678f35]
C  [ucrtbase.dll+0x2cd30]
C  [KERNEL32.DLL+0x2e957]
C  [ntdll.dll+0xaad6c]


---------------  P R O C E S S  ---------------

Threads class SMR info:
_java_thread_list=0x0000024e2c9ad780, length=69, elements={
0x0000024e5af008e0, 0x0000024e7ae7cd30, 0x0000024e7ae7e810, 0x0000024e7ae95350,
0x0000024e7ae95c20, 0x0000024e7ae964f0, 0x0000024e7ae96dc0, 0x0000024e7aea3f90,
0x0000024e7aea4950, 0x0000024e7aea9280, 0x0000024e7f1c6f00, 0x0000024e7f27f240,
0x0000024e1b9c5ca0, 0x0000024e1be344b0, 0x0000024e1bec09e0, 0x0000024e7f131500,
0x0000024e7f1300c0, 0x0000024e7f1305d0, 0x0000024e7f131a10, 0x0000024e7f132940,
0x0000024e7f133360, 0x0000024e7f133870, 0x0000024e7f131f20, 0x0000024e7f132430,
0x0000024e7f130ff0, 0x0000024e1ce4e340, 0x0000024e1ce4bac0, 0x0000024e1ce4ab90,
0x0000024e1ce4d920, 0x0000024e1ce4b0a0, 0x0000024e1ce4ed60, 0x0000024e1ce4b5b0,
0x0000024e1ce4f780, 0x0000024e1ce4cf00, 0x0000024e1ce4d410, 0x0000024e1ce4f270,
0x0000024e1ce4fc90, 0x0000024e1ce515e0, 0x0000024e1ce510d0, 0x0000024e1e622870,
0x0000024e1e625600, 0x0000024e1e6241c0, 0x0000024e1f2af360, 0x0000024e1f2ad500,
0x0000024e1f2afd80, 0x0000024e1f2ada10, 0x0000024e1f2ae940, 0x0000024e1f2b2600,
0x0000024e1f2aee50, 0x0000024e1f2b2b10, 0x0000024e1f2b3020, 0x0000024e1f2b3530,
0x0000024e1f2b3a40, 0x0000024e1f2b3f50, 0x0000024e1e628db0, 0x0000024e1e626f50,
0x0000024e2c7975b0, 0x0000024e2c796b90, 0x0000024e2c799410, 0x0000024e2c798f00,
0x0000024e2c797fd0, 0x0000024e2c795c60, 0x0000024e2c7984e0, 0x0000024e2c797ac0,
0x0000024e2c7989f0, 0x0000024e2c796170, 0x0000024e2c796680, 0x0000024e2d997aa0,
0x0000024e2d99b760
}

Java Threads: ( => current thread )
  0x0000024e5af008e0 JavaThread "main" [_thread_blocked, id=20160, stack(0x000000ec4c000000,0x000000ec4c100000)]
  0x0000024e7ae7cd30 JavaThread "Reference Handler" daemon [_thread_blocked, id=20100, stack(0x000000ec4c700000,0x000000ec4c800000)]
  0x0000024e7ae7e810 JavaThread "Finalizer" daemon [_thread_blocked, id=19900, stack(0x000000ec4c800000,0x000000ec4c900000)]
  0x0000024e7ae95350 JavaThread "Signal Dispatcher" daemon [_thread_blocked, id=1652, stack(0x000000ec4c900000,0x000000ec4ca00000)]
  0x0000024e7ae95c20 JavaThread "Attach Listener" daemon [_thread_blocked, id=19280, stack(0x000000ec4ca00000,0x000000ec4cb00000)]
  0x0000024e7ae964f0 JavaThread "Service Thread" daemon [_thread_blocked, id=19980, stack(0x000000ec4cb00000,0x000000ec4cc00000)]
  0x0000024e7ae96dc0 JavaThread "Monitor Deflation Thread" daemon [_thread_blocked, id=20168, stack(0x000000ec4cc00000,0x000000ec4cd00000)]
=>0x0000024e7aea3f90 JavaThread "C2 CompilerThread0" daemon [_thread_in_native, id=17212, stack(0x000000ec4cd00000,0x000000ec4ce00000)]
  0x0000024e7aea4950 JavaThread "C1 CompilerThread0" daemon [_thread_blocked, id=14824, stack(0x000000ec4ce00000,0x000000ec4cf00000)]
  0x0000024e7aea9280 JavaThread "Sweeper thread" daemon [_thread_blocked, id=15700, stack(0x000000ec4cf00000,0x000000ec4d000000)]
  0x0000024e7f1c6f00 JavaThread "Common-Cleaner" daemon [_thread_blocked, id=20464, stack(0x000000ec4d000000,0x000000ec4d100000)]
  0x0000024e7f27f240 JavaThread "Notification Thread" daemon [_thread_blocked, id=19548, stack(0x000000ec4d100000,0x000000ec4d200000)]
  0x0000024e1b9c5ca0 JavaThread "Daemon health stats" [_thread_blocked, id=20712, stack(0x000000ec4d900000,0x000000ec4da00000)]
  0x0000024e1be344b0 JavaThread "Incoming local TCP Connector on port 49996" [_thread_in_native, id=18684, stack(0x000000ec4da00000,0x000000ec4db00000)]
  0x0000024e1bec09e0 JavaThread "Daemon periodic checks" [_thread_blocked, id=21132, stack(0x000000ec4db00000,0x000000ec4dc00000)]
  0x0000024e7f131500 JavaThread "Daemon" [_thread_blocked, id=15444, stack(0x000000ec4dc00000,0x000000ec4dd00000)]
  0x0000024e7f1300c0 JavaThread "Handler for socket connection from /127.0.0.1:49996 to /127.0.0.1:49997" [_thread_in_native, id=19576, stack(0x000000ec4dd00000,0x000000ec4de00000)]
  0x0000024e7f1305d0 JavaThread "Cancel handler" [_thread_blocked, id=7036, stack(0x000000ec4de00000,0x000000ec4df00000)]
  0x0000024e7f131a10 JavaThread "Daemon worker" [_thread_in_Java, id=2060, stack(0x000000ec4df00000,0x000000ec4e000000)]
  0x0000024e7f132940 JavaThread "Asynchronous log dispatcher for DefaultDaemonConnection: socket connection from /127.0.0.1:49996 to /127.0.0.1:49997" [_thread_blocked, id=19516, stack(0x000000ec4e000000,0x000000ec4e100000)]
  0x0000024e7f133360 JavaThread "Stdin handler" [_thread_blocked, id=11708, stack(0x000000ec4e100000,0x000000ec4e200000)]
  0x0000024e7f133870 JavaThread "Daemon client event forwarder" [_thread_blocked, id=8688, stack(0x000000ec4e200000,0x000000ec4e300000)]
  0x0000024e7f131f20 JavaThread "Cache worker for journal cache (C:\Users\Sandipan\.gradle\caches\journal-1)" [_thread_blocked, id=20076, stack(0x000000ec4e300000,0x000000ec4e400000)]
  0x0000024e7f132430 JavaThread "File lock request listener" [_thread_in_native, id=20140, stack(0x000000ec4e400000,0x000000ec4e500000)]
  0x0000024e7f130ff0 JavaThread "Cache worker for file hash cache (C:\Users\Sandipan\.gradle\caches\8.9\fileHashes)" [_thread_blocked, id=5032, stack(0x000000ec4e500000,0x000000ec4e600000)]
  0x0000024e1ce4e340 JavaThread "Cache worker for file hash cache (C:\MatrimonyApp\android\.gradle\8.9\fileHashes)" [_thread_blocked, id=21560, stack(0x000000ec4e800000,0x000000ec4e900000)]
  0x0000024e1ce4bac0 JavaThread "Cache worker for Build Output Cleanup Cache (C:\MatrimonyApp\android\.gradle\buildOutputCleanup)" [_thread_blocked, id=21564, stack(0x000000ec4e900000,0x000000ec4ea00000)]
  0x0000024e1ce4ab90 JavaThread "File watcher server" daemon [_thread_in_native, id=21756, stack(0x000000ec4eb00000,0x000000ec4ec00000)]
  0x0000024e1ce4d920 JavaThread "File watcher consumer" daemon [_thread_blocked, id=21768, stack(0x000000ec4ec00000,0x000000ec4ed00000)]
  0x0000024e1ce4b0a0 JavaThread "jar transforms" [_thread_blocked, id=21800, stack(0x000000ec4ed00000,0x000000ec4ee00000)]
  0x0000024e1ce4ed60 JavaThread "jar transforms Thread 2" [_thread_blocked, id=21804, stack(0x000000ec4ee00000,0x000000ec4ef00000)]
  0x0000024e1ce4b5b0 JavaThread "jar transforms Thread 3" [_thread_blocked, id=21808, stack(0x000000ec4ef00000,0x000000ec4f000000)]
  0x0000024e1ce4f780 JavaThread "Cache worker for checksums cache (C:\MatrimonyApp\android\.gradle\8.9\checksums)" [_thread_blocked, id=21836, stack(0x000000ec4f000000,0x000000ec4f100000)]
  0x0000024e1ce4cf00 JavaThread "Cache worker for file content cache (C:\Users\Sandipan\.gradle\caches\8.9\fileContent)" [_thread_blocked, id=21848, stack(0x000000ec4f100000,0x000000ec4f200000)]
  0x0000024e1ce4d410 JavaThread "Cache worker for cache directory md-rule (C:\Users\Sandipan\.gradle\caches\8.9\md-rule)" [_thread_blocked, id=21852, stack(0x000000ec4f200000,0x000000ec4f300000)]
  0x0000024e1ce4f270 JavaThread "Cache worker for cache directory md-supplier (C:\Users\Sandipan\.gradle\caches\8.9\md-supplier)" [_thread_blocked, id=21968, stack(0x000000ec4f300000,0x000000ec4f400000)]
  0x0000024e1ce4fc90 JavaThread "jar transforms Thread 4" [_thread_blocked, id=21820, stack(0x000000ec4f400000,0x000000ec4f500000)]
  0x0000024e1ce515e0 JavaThread "jar transforms Thread 5" [_thread_blocked, id=19788, stack(0x000000ec4f500000,0x000000ec4f600000)]
  0x0000024e1ce510d0 JavaThread "jar transforms Thread 6" [_thread_blocked, id=21892, stack(0x000000ec4f600000,0x000000ec4f700000)]
  0x0000024e1e622870 JavaThread "jar transforms Thread 7" [_thread_blocked, id=21912, stack(0x000000ec4f700000,0x000000ec4f800000)]
  0x0000024e1e625600 JavaThread "jar transforms Thread 8" [_thread_blocked, id=20904, stack(0x000000ec4f800000,0x000000ec4f900000)]
  0x0000024e1e6241c0 JavaThread "Cache worker for Build Output Cleanup Cache (C:\MatrimonyApp\node_modules\@react-native\gradle-plugin\.gradle\buildOutputCleanup)" [_thread_blocked, id=12848, stack(0x000000ec4f900000,0x000000ec4fa00000)]
  0x0000024e1f2af360 JavaThread "Unconstrained build operations" [_thread_blocked, id=22336, stack(0x000000ec4be00000,0x000000ec4bf00000)]
  0x0000024e1f2ad500 JavaThread "Unconstrained build operations Thread 2" [_thread_blocked, id=9972, stack(0x000000ec4bf00000,0x000000ec4c000000)]
  0x0000024e1f2afd80 JavaThread "Unconstrained build operations Thread 3" [_thread_blocked, id=21104, stack(0x000000ec4fc00000,0x000000ec4fd00000)]
  0x0000024e1f2ada10 JavaThread "Kotlin DSL Writer" [_thread_blocked, id=17552, stack(0x000000ec4fd00000,0x000000ec4fe00000)]
  0x0000024e1f2ae940 JavaThread "Unconstrained build operations Thread 4" [_thread_blocked, id=22112, stack(0x000000ec4fe00000,0x000000ec4ff00000)]
  0x0000024e1f2b2600 JavaThread "Unconstrained build operations Thread 5" [_thread_blocked, id=12788, stack(0x000000ec4ff00000,0x000000ec50000000)]
  0x0000024e1f2aee50 JavaThread "Unconstrained build operations Thread 6" [_thread_blocked, id=22204, stack(0x000000ec50000000,0x000000ec50100000)]
  0x0000024e1f2b2b10 JavaThread "Unconstrained build operations Thread 7" [_thread_blocked, id=19184, stack(0x000000ec50100000,0x000000ec50200000)]
  0x0000024e1f2b3020 JavaThread "Unconstrained build operations Thread 8" [_thread_blocked, id=18312, stack(0x000000ec50200000,0x000000ec50300000)]
  0x0000024e1f2b3530 JavaThread "Unconstrained build operations Thread 9" [_thread_blocked, id=20092, stack(0x000000ec50300000,0x000000ec50400000)]
  0x0000024e1f2b3a40 JavaThread "Unconstrained build operations Thread 10" [_thread_blocked, id=19952, stack(0x000000ec50400000,0x000000ec50500000)]
  0x0000024e1f2b3f50 JavaThread "Unconstrained build operations Thread 11" [_thread_blocked, id=21604, stack(0x000000ec4fa00000,0x000000ec4fb00000)]
  0x0000024e1e628db0 JavaThread "Unconstrained build operations Thread 12" [_thread_blocked, id=22244, stack(0x000000ec50500000,0x000000ec50600000)]
  0x0000024e1e626f50 JavaThread "Unconstrained build operations Thread 13" [_thread_blocked, id=22220, stack(0x000000ec50600000,0x000000ec50700000)]
  0x0000024e2c7975b0 JavaThread "Unconstrained build operations Thread 14" [_thread_blocked, id=17064, stack(0x000000ec50700000,0x000000ec50800000)]
  0x0000024e2c796b90 JavaThread "Unconstrained build operations Thread 15" [_thread_blocked, id=21816, stack(0x000000ec50800000,0x000000ec50900000)]
  0x0000024e2c799410 JavaThread "Unconstrained build operations Thread 16" [_thread_blocked, id=22060, stack(0x000000ec50900000,0x000000ec50a00000)]
  0x0000024e2c798f00 JavaThread "Unconstrained build operations Thread 17" [_thread_blocked, id=21932, stack(0x000000ec50a00000,0x000000ec50b00000)]
  0x0000024e2c797fd0 JavaThread "Unconstrained build operations Thread 18" [_thread_blocked, id=19960, stack(0x000000ec50b00000,0x000000ec50c00000)]
  0x0000024e2c795c60 JavaThread "Unconstrained build operations Thread 19" [_thread_blocked, id=9680, stack(0x000000ec50c00000,0x000000ec50d00000)]
  0x0000024e2c7984e0 JavaThread "Unconstrained build operations Thread 20" [_thread_blocked, id=4004, stack(0x000000ec50d00000,0x000000ec50e00000)]
  0x0000024e2c797ac0 JavaThread "Unconstrained build operations Thread 21" [_thread_blocked, id=22232, stack(0x000000ec50e00000,0x000000ec50f00000)]
  0x0000024e2c7989f0 JavaThread "Unconstrained build operations Thread 22" [_thread_blocked, id=19580, stack(0x000000ec50f00000,0x000000ec51000000)]
  0x0000024e2c796170 JavaThread "Unconstrained build operations Thread 23" [_thread_blocked, id=18700, stack(0x000000ec51000000,0x000000ec51100000)]
  0x0000024e2c796680 JavaThread "Unconstrained build operations Thread 24" [_thread_blocked, id=12472, stack(0x000000ec51100000,0x000000ec51200000)]
  0x0000024e2d997aa0 JavaThread "build event listener" [_thread_blocked, id=21616, stack(0x000000ec4fb00000,0x000000ec4fc00000)]
  0x0000024e2d99b760 JavaThread "Memory manager" [_thread_blocked, id=10936, stack(0x000000ec51300000,0x000000ec51400000)]

Other Threads:
  0x0000024e7ae796e0 VMThread "VM Thread" [stack: 0x000000ec4c600000,0x000000ec4c700000] [id=19464]
  0x0000024e5af7d2f0 WatcherThread [stack: 0x000000ec4d200000,0x000000ec4d300000] [id=1584]
  0x0000024e5af5ded0 GCTaskThread "GC Thread#0" [stack: 0x000000ec4c100000,0x000000ec4c200000] [id=15316]
  0x0000024e7f4ac1d0 GCTaskThread "GC Thread#1" [stack: 0x000000ec4d300000,0x000000ec4d400000] [id=17528]
  0x0000024e7f620e10 GCTaskThread "GC Thread#2" [stack: 0x000000ec4d400000,0x000000ec4d500000] [id=13364]
  0x0000024e1b319bd0 GCTaskThread "GC Thread#3" [stack: 0x000000ec4d500000,0x000000ec4d600000] [id=20072]
  0x0000024e1b1d1b70 GCTaskThread "GC Thread#4" [stack: 0x000000ec4d600000,0x000000ec4d700000] [id=19648]
  0x0000024e1b694c50 GCTaskThread "GC Thread#5" [stack: 0x000000ec4d700000,0x000000ec4d800000] [id=19508]
  0x0000024e1b696330 GCTaskThread "GC Thread#6" [stack: 0x000000ec4d800000,0x000000ec4d900000] [id=17684]
  0x0000024e7f41e720 GCTaskThread "GC Thread#7" [stack: 0x000000ec4e600000,0x000000ec4e700000] [id=6976]
  0x0000024e5af6fa00 ConcurrentGCThread "G1 Main Marker" [stack: 0x000000ec4c200000,0x000000ec4c300000] [id=15568]
  0x0000024e5af71ad0 ConcurrentGCThread "G1 Conc#0" [stack: 0x000000ec4c300000,0x000000ec4c400000] [id=20104]
  0x0000024e1d88a0f0 ConcurrentGCThread "G1 Conc#1" [stack: 0x000000ec4ea00000,0x000000ec4eb00000] [id=21612]
  0x0000024e5afb4ec0 ConcurrentGCThread "G1 Refine#0" [stack: 0x000000ec4c400000,0x000000ec4c500000] [id=20112]
  0x0000024e1ce0e360 ConcurrentGCThread "G1 Refine#1" [stack: 0x000000ec51200000,0x000000ec51300000] [id=3808]
  0x0000024e5afb56a0 ConcurrentGCThread "G1 Service" [stack: 0x000000ec4c500000,0x000000ec4c600000] [id=20096]

Threads with active compile tasks:
C2 CompilerThread0   472620 22591   !   4       org.jetbrains.kotlin.metadata.ProtoBuf$Property::<init> (1283 bytes)

VM state: not at safepoint (normal execution)

VM Mutex/Monitor currently owned by a thread: None

Heap address: 0x0000000080000000, size: 2048 MB, Compressed Oops mode: 32-bit

CDS archive(s) mapped at: [0x0000024e00000000-0x0000024e00bd0000-0x0000024e00bd0000), size 12386304, SharedBaseAddress: 0x0000024e00000000, ArchiveRelocationMode: 1.
Compressed class space mapped at: 0x0000024e01000000-0x0000024e1b000000, reserved size: 436207616
Narrow klass base: 0x0000024e00000000, Narrow klass shift: 0, Narrow klass range: 0x100000000

GC Precious Log:
 CPUs: 8 total, 8 available
 Memory: 5965M
 Large Page Support: Disabled
 NUMA Support: Disabled
 Compressed Oops: Enabled (32-bit)
 Heap Region Size: 1M
 Heap Min Capacity: 8M
 Heap Initial Capacity: 94M
 Heap Max Capacity: 2G
 Pre-touch: Disabled
 Parallel Workers: 8
 Concurrent Workers: 2
 Concurrent Refinement Workers: 8
 Periodic GC: Disabled

Heap:
 garbage-first heap   total 258048K, used 162905K [0x0000000080000000, 0x0000000100000000)
  region size 1024K, 11 young (11264K), 1 survivors (1024K)
 Metaspace       used 154025K, committed 154944K, reserved 622592K
  class space    used 19430K, committed 19840K, reserved 425984K

Heap Regions: E=young(eden), S=young(survivor), O=old, HS=humongous(starts), HC=humongous(continues), CS=collection set, F=free, OA=open archive, CA=closed archive, TAMS=top-at-mark-start (previous, next)
|   0|0x0000000080000000, 0x0000000080100000, 0x0000000080100000|100%|HS|  |TAMS 0x0000000080100000, 0x0000000080000000| Complete 
|   1|0x0000000080100000, 0x0000000080200000, 0x0000000080200000|100%|HC|  |TAMS 0x0000000080200000, 0x0000000080100000| Complete 
|   2|0x0000000080200000, 0x0000000080300000, 0x0000000080300000|100%|HC|  |TAMS 0x0000000080300000, 0x0000000080200000| Complete 
|   3|0x0000000080300000, 0x0000000080400000, 0x0000000080400000|100%|HC|  |TAMS 0x0000000080400000, 0x0000000080300000| Complete 
|   4|0x0000000080400000, 0x0000000080500000, 0x0000000080500000|100%| O|  |TAMS 0x0000000080500000, 0x0000000080400000| Untracked 
|   5|0x0000000080500000, 0x0000000080600000, 0x0000000080600000|100%| O|  |TAMS 0x0000000080600000, 0x0000000080500000| Untracked 
|   6|0x0000000080600000, 0x0000000080700000, 0x0000000080700000|100%| O|  |TAMS 0x0000000080700000, 0x0000000080600000| Untracked 
|   7|0x0000000080700000, 0x0000000080800000, 0x0000000080800000|100%| O|  |TAMS 0x0000000080800000, 0x0000000080700000| Untracked 
|   8|0x0000000080800000, 0x0000000080900000, 0x0000000080900000|100%| O|  |TAMS 0x0000000080900000, 0x0000000080800000| Untracked 
|   9|0x0000000080900000, 0x0000000080a00000, 0x0000000080a00000|100%| O|  |TAMS 0x0000000080a00000, 0x0000000080900000| Untracked 
|  10|0x0000000080a00000, 0x0000000080b00000, 0x0000000080b00000|100%| O|  |TAMS 0x0000000080b00000, 0x0000000080a00000| Untracked 
|  11|0x0000000080b00000, 0x0000000080c00000, 0x0000000080c00000|100%|HS|  |TAMS 0x0000000080c00000, 0x0000000080b00000| Complete 
|  12|0x0000000080c00000, 0x0000000080d00000, 0x0000000080d00000|100%| O|  |TAMS 0x0000000080d00000, 0x0000000080c00000| Untracked 
|  13|0x0000000080d00000, 0x0000000080e00000, 0x0000000080e00000|100%| O|  |TAMS 0x0000000080e00000, 0x0000000080d00000| Untracked 
|  14|0x0000000080e00000, 0x0000000080f00000, 0x0000000080f00000|100%| O|  |TAMS 0x0000000080f00000, 0x0000000080e00000| Untracked 
|  15|0x0000000080f00000, 0x0000000081000000, 0x0000000081000000|100%| O|  |TAMS 0x0000000081000000, 0x0000000080f00000| Untracked 
|  16|0x0000000081000000, 0x0000000081100000, 0x0000000081100000|100%| O|  |TAMS 0x0000000081100000, 0x0000000081000000| Untracked 
|  17|0x0000000081100000, 0x0000000081200000, 0x0000000081200000|100%| O|  |TAMS 0x0000000081200000, 0x0000000081100000| Untracked 
|  18|0x0000000081200000, 0x0000000081300000, 0x0000000081300000|100%| O|  |TAMS 0x0000000081300000, 0x0000000081200000| Untracked 
|  19|0x0000000081300000, 0x0000000081400000, 0x0000000081400000|100%| O|  |TAMS 0x0000000081400000, 0x0000000081300000| Untracked 
|  20|0x0000000081400000, 0x0000000081500000, 0x0000000081500000|100%| O|  |TAMS 0x0000000081500000, 0x0000000081400000| Untracked 
|  21|0x0000000081500000, 0x0000000081600000, 0x0000000081600000|100%| O|  |TAMS 0x0000000081600000, 0x0000000081500000| Untracked 
|  22|0x0000000081600000, 0x0000000081700000, 0x0000000081700000|100%| O|  |TAMS 0x0000000081700000, 0x0000000081600000| Untracked 
|  23|0x0000000081700000, 0x0000000081800000, 0x0000000081800000|100%| O|  |TAMS 0x0000000081800000, 0x0000000081700000| Untracked 
|  24|0x0000000081800000, 0x0000000081900000, 0x0000000081900000|100%| O|  |TAMS 0x0000000081900000, 0x0000000081800000| Untracked 
|  25|0x0000000081900000, 0x0000000081a00000, 0x0000000081a00000|100%| O|  |TAMS 0x0000000081a00000, 0x0000000081900000| Untracked 
|  26|0x0000000081a00000, 0x0000000081b00000, 0x0000000081b00000|100%| O|  |TAMS 0x0000000081b00000, 0x0000000081a00000| Untracked 
|  27|0x0000000081b00000, 0x0000000081c00000, 0x0000000081c00000|100%| O|  |TAMS 0x0000000081c00000, 0x0000000081b00000| Untracked 
|  28|0x0000000081c00000, 0x0000000081d00000, 0x0000000081d00000|100%| O|  |TAMS 0x0000000081d00000, 0x0000000081c00000| Untracked 
|  29|0x0000000081d00000, 0x0000000081e00000, 0x0000000081e00000|100%| O|  |TAMS 0x0000000081e00000, 0x0000000081d00000| Untracked 
|  30|0x0000000081e00000, 0x0000000081f00000, 0x0000000081f00000|100%| O|  |TAMS 0x0000000081f00000, 0x0000000081e00000| Untracked 
|  31|0x0000000081f00000, 0x0000000082000000, 0x0000000082000000|100%| O|  |TAMS 0x0000000082000000, 0x0000000081f00000| Untracked 
|  32|0x0000000082000000, 0x0000000082100000, 0x0000000082100000|100%| O|  |TAMS 0x0000000082100000, 0x0000000082000000| Untracked 
|  33|0x0000000082100000, 0x0000000082200000, 0x0000000082200000|100%| O|  |TAMS 0x0000000082200000, 0x0000000082100000| Untracked 
|  34|0x0000000082200000, 0x0000000082300000, 0x0000000082300000|100%| O|  |TAMS 0x0000000082300000, 0x0000000082200000| Untracked 
|  35|0x0000000082300000, 0x0000000082400000, 0x0000000082400000|100%| O|  |TAMS 0x0000000082400000, 0x0000000082300000| Untracked 
|  36|0x0000000082400000, 0x0000000082500000, 0x0000000082500000|100%| O|  |TAMS 0x0000000082500000, 0x0000000082400000| Untracked 
|  37|0x0000000082500000, 0x0000000082600000, 0x0000000082600000|100%| O|  |TAMS 0x0000000082600000, 0x0000000082500000| Untracked 
|  38|0x0000000082600000, 0x0000000082700000, 0x0000000082700000|100%| O|  |TAMS 0x0000000082700000, 0x0000000082600000| Untracked 
|  39|0x0000000082700000, 0x0000000082800000, 0x0000000082800000|100%| O|  |TAMS 0x0000000082800000, 0x0000000082700000| Untracked 
|  40|0x0000000082800000, 0x0000000082900000, 0x0000000082900000|100%| O|  |TAMS 0x0000000082900000, 0x0000000082800000| Untracked 
|  41|0x0000000082900000, 0x0000000082a00000, 0x0000000082a00000|100%| O|  |TAMS 0x0000000082a00000, 0x0000000082900000| Untracked 
|  42|0x0000000082a00000, 0x0000000082b00000, 0x0000000082b00000|100%| O|  |TAMS 0x0000000082b00000, 0x0000000082a00000| Untracked 
|  43|0x0000000082b00000, 0x0000000082c00000, 0x0000000082c00000|100%| O|  |TAMS 0x0000000082c00000, 0x0000000082b00000| Untracked 
|  44|0x0000000082c00000, 0x0000000082d00000, 0x0000000082d00000|100%| O|  |TAMS 0x0000000082d00000, 0x0000000082c00000| Untracked 
|  45|0x0000000082d00000, 0x0000000082e00000, 0x0000000082e00000|100%|HS|  |TAMS 0x0000000082e00000, 0x0000000082d00000| Complete 
|  46|0x0000000082e00000, 0x0000000082f00000, 0x0000000082f00000|100%| O|  |TAMS 0x0000000082f00000, 0x0000000082e00000| Untracked 
|  47|0x0000000082f00000, 0x0000000083000000, 0x0000000083000000|100%| O|  |TAMS 0x0000000083000000, 0x0000000082f00000| Untracked 
|  48|0x0000000083000000, 0x0000000083100000, 0x0000000083100000|100%| O|  |TAMS 0x0000000083100000, 0x0000000083000000| Untracked 
|  49|0x0000000083100000, 0x0000000083200000, 0x0000000083200000|100%| O|  |TAMS 0x0000000083200000, 0x0000000083100000| Untracked 
|  50|0x0000000083200000, 0x0000000083300000, 0x0000000083300000|100%| O|  |TAMS 0x0000000083300000, 0x0000000083200000| Untracked 
|  51|0x0000000083300000, 0x0000000083400000, 0x0000000083400000|100%| O|  |TAMS 0x0000000083400000, 0x0000000083300000| Untracked 
|  52|0x0000000083400000, 0x0000000083500000, 0x0000000083500000|100%| O|  |TAMS 0x0000000083500000, 0x0000000083400000| Untracked 
|  53|0x0000000083500000, 0x0000000083600000, 0x0000000083600000|100%| O|  |TAMS 0x0000000083600000, 0x0000000083500000| Untracked 
|  54|0x0000000083600000, 0x0000000083700000, 0x0000000083700000|100%| O|  |TAMS 0x0000000083700000, 0x0000000083600000| Untracked 
|  55|0x0000000083700000, 0x0000000083800000, 0x0000000083800000|100%| O|  |TAMS 0x0000000083800000, 0x0000000083700000| Untracked 
|  56|0x0000000083800000, 0x0000000083900000, 0x0000000083900000|100%| O|  |TAMS 0x0000000083900000, 0x0000000083800000| Untracked 
|  57|0x0000000083900000, 0x0000000083a00000, 0x0000000083a00000|100%| O|  |TAMS 0x0000000083a00000, 0x0000000083900000| Untracked 
|  58|0x0000000083a00000, 0x0000000083b00000, 0x0000000083b00000|100%| O|  |TAMS 0x0000000083b00000, 0x0000000083a00000| Untracked 
|  59|0x0000000083b00000, 0x0000000083c00000, 0x0000000083c00000|100%| O|  |TAMS 0x0000000083c00000, 0x0000000083b00000| Untracked 
|  60|0x0000000083c00000, 0x0000000083d00000, 0x0000000083d00000|100%| O|  |TAMS 0x0000000083d00000, 0x0000000083c00000| Untracked 
|  61|0x0000000083d00000, 0x0000000083e00000, 0x0000000083e00000|100%| O|  |TAMS 0x0000000083e00000, 0x0000000083d00000| Untracked 
|  62|0x0000000083e00000, 0x0000000083f00000, 0x0000000083f00000|100%| O|  |TAMS 0x0000000083f00000, 0x0000000083e00000| Untracked 
|  63|0x0000000083f00000, 0x0000000084000000, 0x0000000084000000|100%| O|  |TAMS 0x0000000084000000, 0x0000000083f00000| Untracked 
|  64|0x0000000084000000, 0x0000000084100000, 0x0000000084100000|100%| O|  |TAMS 0x0000000084100000, 0x0000000084000000| Untracked 
|  65|0x0000000084100000, 0x0000000084200000, 0x0000000084200000|100%|HS|  |TAMS 0x0000000084200000, 0x0000000084100000| Complete 
|  66|0x0000000084200000, 0x0000000084300000, 0x0000000084300000|100%|HC|  |TAMS 0x0000000084300000, 0x0000000084200000| Complete 
|  67|0x0000000084300000, 0x0000000084400000, 0x0000000084400000|100%|HC|  |TAMS 0x0000000084400000, 0x0000000084300000| Complete 
|  68|0x0000000084400000, 0x0000000084500000, 0x0000000084500000|100%|HC|  |TAMS 0x0000000084500000, 0x0000000084400000| Complete 
|  69|0x0000000084500000, 0x0000000084600000, 0x0000000084600000|100%|HC|  |TAMS 0x0000000084600000, 0x0000000084500000| Complete 
|  70|0x0000000084600000, 0x0000000084700000, 0x0000000084700000|100%|HC|  |TAMS 0x0000000084700000, 0x0000000084600000| Complete 
|  71|0x0000000084700000, 0x0000000084800000, 0x0000000084800000|100%|HS|  |TAMS 0x0000000084800000, 0x0000000084700000| Complete 
|  72|0x0000000084800000, 0x0000000084900000, 0x0000000084900000|100%| O|  |TAMS 0x0000000084900000, 0x0000000084800000| Untracked 
|  73|0x0000000084900000, 0x0000000084a00000, 0x0000000084a00000|100%| O|  |TAMS 0x0000000084a00000, 0x0000000084900000| Untracked 
|  74|0x0000000084a00000, 0x0000000084b00000, 0x0000000084b00000|100%| O|  |TAMS 0x0000000084b00000, 0x0000000084a00000| Untracked 
|  75|0x0000000084b00000, 0x0000000084c00000, 0x0000000084c00000|100%| O|  |TAMS 0x0000000084c00000, 0x0000000084b00000| Untracked 
|  76|0x0000000084c00000, 0x0000000084d00000, 0x0000000084d00000|100%| O|  |TAMS 0x0000000084d00000, 0x0000000084c00000| Untracked 
|  77|0x0000000084d00000, 0x0000000084e00000, 0x0000000084e00000|100%| O|  |TAMS 0x0000000084d00000, 0x0000000084d00000| Untracked 
|  78|0x0000000084e00000, 0x0000000084f00000, 0x0000000084f00000|100%| O|  |TAMS 0x0000000084f00000, 0x0000000084e00000| Untracked 
|  79|0x0000000084f00000, 0x0000000085000000, 0x0000000085000000|100%| O|  |TAMS 0x0000000085000000, 0x0000000084f00000| Untracked 
|  80|0x0000000085000000, 0x0000000085100000, 0x0000000085100000|100%| O|  |TAMS 0x0000000085100000, 0x0000000085000000| Untracked 
|  81|0x0000000085100000, 0x0000000085200000, 0x0000000085200000|100%| O|  |TAMS 0x0000000085100000, 0x0000000085100000| Untracked 
|  82|0x0000000085200000, 0x0000000085300000, 0x0000000085300000|100%| O|  |TAMS 0x0000000085300000, 0x0000000085200000| Untracked 
|  83|0x0000000085300000, 0x0000000085400000, 0x0000000085400000|100%| O|  |TAMS 0x0000000085400000, 0x0000000085300000| Untracked 
|  84|0x0000000085400000, 0x0000000085500000, 0x0000000085500000|100%| O|  |TAMS 0x0000000085500000, 0x0000000085400000| Untracked 
|  85|0x0000000085500000, 0x0000000085600000, 0x0000000085600000|100%| O|  |TAMS 0x0000000085600000, 0x0000000085500000| Untracked 
|  86|0x0000000085600000, 0x0000000085700000, 0x0000000085700000|100%| O|  |TAMS 0x0000000085700000, 0x0000000085600000| Untracked 
|  87|0x0000000085700000, 0x0000000085800000, 0x0000000085800000|100%| O|  |TAMS 0x0000000085700000, 0x0000000085700000| Untracked 
|  88|0x0000000085800000, 0x0000000085900000, 0x0000000085900000|100%| O|  |TAMS 0x0000000085800000, 0x0000000085800000| Untracked 
|  89|0x0000000085900000, 0x0000000085a00000, 0x0000000085a00000|100%| O|  |TAMS 0x0000000085900000, 0x0000000085900000| Untracked 
|  90|0x0000000085a00000, 0x0000000085b00000, 0x0000000085b00000|100%| O|  |TAMS 0x0000000085a00000, 0x0000000085a00000| Untracked 
|  91|0x0000000085b00000, 0x0000000085c00000, 0x0000000085c00000|100%| O|  |TAMS 0x0000000085b00000, 0x0000000085b00000| Untracked 
|  92|0x0000000085c00000, 0x0000000085d00000, 0x0000000085d00000|100%| O|  |TAMS 0x0000000085d00000, 0x0000000085c00000| Untracked 
|  93|0x0000000085d00000, 0x0000000085e00000, 0x0000000085e00000|100%| O|  |TAMS 0x0000000085e00000, 0x0000000085d00000| Untracked 
|  94|0x0000000085e00000, 0x0000000085f00000, 0x0000000085f00000|100%| O|  |TAMS 0x0000000085f00000, 0x0000000085e00000| Untracked 
|  95|0x0000000085f00000, 0x0000000086000000, 0x0000000086000000|100%| O|  |TAMS 0x0000000086000000, 0x0000000085f00000| Untracked 
|  96|0x0000000086000000, 0x0000000086100000, 0x0000000086100000|100%| O|  |TAMS 0x0000000086100000, 0x0000000086000000| Untracked 
|  97|0x0000000086100000, 0x0000000086200000, 0x0000000086200000|100%| O|  |TAMS 0x0000000086200000, 0x0000000086100000| Untracked 
|  98|0x0000000086200000, 0x0000000086300000, 0x0000000086300000|100%| O|  |TAMS 0x0000000086300000, 0x0000000086200000| Untracked 
|  99|0x0000000086300000, 0x0000000086400000, 0x0000000086400000|100%| O|  |TAMS 0x0000000086400000, 0x0000000086300000| Untracked 
| 100|0x0000000086400000, 0x0000000086500000, 0x0000000086500000|100%| O|  |TAMS 0x0000000086500000, 0x0000000086400000| Untracked 
| 101|0x0000000086500000, 0x0000000086600000, 0x0000000086600000|100%| O|  |TAMS 0x0000000086600000, 0x0000000086500000| Untracked 
| 102|0x0000000086600000, 0x0000000086700000, 0x0000000086700000|100%| O|  |TAMS 0x0000000086700000, 0x0000000086600000| Untracked 
| 103|0x0000000086700000, 0x0000000086800000, 0x0000000086800000|100%| O|  |TAMS 0x0000000086800000, 0x0000000086700000| Untracked 
| 104|0x0000000086800000, 0x0000000086900000, 0x0000000086900000|100%| O|  |TAMS 0x0000000086900000, 0x0000000086800000| Untracked 
| 105|0x0000000086900000, 0x0000000086a00000, 0x0000000086a00000|100%| O|  |TAMS 0x0000000086a00000, 0x0000000086900000| Untracked 
| 106|0x0000000086a00000, 0x0000000086b00000, 0x0000000086b00000|100%| O|  |TAMS 0x0000000086b00000, 0x0000000086a00000| Untracked 
| 107|0x0000000086b00000, 0x0000000086c00000, 0x0000000086c00000|100%| O|  |TAMS 0x0000000086b00000, 0x0000000086b00000| Untracked 
| 108|0x0000000086c00000, 0x0000000086d00000, 0x0000000086d00000|100%| O|  |TAMS 0x0000000086c00000, 0x0000000086c00000| Untracked 
| 109|0x0000000086d00000, 0x0000000086e00000, 0x0000000086e00000|100%| O|  |TAMS 0x0000000086e00000, 0x0000000086d00000| Untracked 
| 110|0x0000000086e00000, 0x0000000086f00000, 0x0000000086f00000|100%| O|  |TAMS 0x0000000086f00000, 0x0000000086e00000| Untracked 
| 111|0x0000000086f00000, 0x0000000087000000, 0x0000000087000000|100%| O|  |TAMS 0x0000000087000000, 0x0000000086f00000| Untracked 
| 112|0x0000000087000000, 0x0000000087100000, 0x0000000087100000|100%| O|  |TAMS 0x0000000087100000, 0x0000000087000000| Untracked 
| 113|0x0000000087100000, 0x0000000087200000, 0x0000000087200000|100%| O|  |TAMS 0x0000000087100000, 0x0000000087100000| Untracked 
| 114|0x0000000087200000, 0x0000000087300000, 0x0000000087300000|100%| O|  |TAMS 0x0000000087300000, 0x0000000087200000| Untracked 
| 115|0x0000000087300000, 0x0000000087400000, 0x0000000087400000|100%| O|  |TAMS 0x0000000087400000, 0x0000000087300000| Untracked 
| 116|0x0000000087400000, 0x0000000087500000, 0x0000000087500000|100%|HS|  |TAMS 0x0000000087500000, 0x0000000087400000| Complete 
| 117|0x0000000087500000, 0x0000000087600000, 0x0000000087600000|100%|HC|  |TAMS 0x0000000087600000, 0x0000000087500000| Complete 
| 118|0x0000000087600000, 0x0000000087700000, 0x0000000087700000|100%|HC|  |TAMS 0x0000000087700000, 0x0000000087600000| Complete 
| 119|0x0000000087700000, 0x0000000087800000, 0x0000000087800000|100%|HS|  |TAMS 0x0000000087700000, 0x0000000087700000| Complete 
| 120|0x0000000087800000, 0x0000000087900000, 0x0000000087900000|100%|HC|  |TAMS 0x0000000087800000, 0x0000000087800000| Complete 
| 121|0x0000000087900000, 0x0000000087a00000, 0x0000000087a00000|100%|HC|  |TAMS 0x0000000087900000, 0x0000000087900000| Complete 
| 122|0x0000000087a00000, 0x0000000087b00000, 0x0000000087b00000|100%| O|  |TAMS 0x0000000087a00000, 0x0000000087a00000| Untracked 
| 123|0x0000000087b00000, 0x0000000087c00000, 0x0000000087c00000|100%| O|  |TAMS 0x0000000087b00000, 0x0000000087b00000| Untracked 
| 124|0x0000000087c00000, 0x0000000087d00000, 0x0000000087d00000|100%| O|  |TAMS 0x0000000087c00000, 0x0000000087c00000| Untracked 
| 125|0x0000000087d00000, 0x0000000087e00000, 0x0000000087e00000|100%| O|  |TAMS 0x0000000087e00000, 0x0000000087d00000| Untracked 
| 126|0x0000000087e00000, 0x0000000087f00000, 0x0000000087f00000|100%| O|  |TAMS 0x0000000087e00000, 0x0000000087e00000| Untracked 
| 127|0x0000000087f00000, 0x0000000088000000, 0x0000000088000000|100%| O|  |TAMS 0x0000000088000000, 0x0000000087f00000| Untracked 
| 128|0x0000000088000000, 0x0000000088100000, 0x0000000088100000|100%| O|  |TAMS 0x0000000088000000, 0x0000000088000000| Untracked 
| 129|0x0000000088100000, 0x0000000088200000, 0x0000000088200000|100%| O|  |TAMS 0x0000000088100000, 0x0000000088100000| Untracked 
| 130|0x0000000088200000, 0x0000000088300000, 0x0000000088300000|100%| O|  |TAMS 0x0000000088200000, 0x0000000088200000| Untracked 
| 131|0x0000000088300000, 0x0000000088400000, 0x0000000088400000|100%| O|  |TAMS 0x0000000088300000, 0x0000000088300000| Untracked 
| 132|0x0000000088400000, 0x0000000088500000, 0x0000000088500000|100%| O|  |TAMS 0x0000000088500000, 0x0000000088400000| Untracked 
| 133|0x0000000088500000, 0x0000000088600000, 0x0000000088600000|100%| O|  |TAMS 0x0000000088600000, 0x0000000088500000| Untracked 
| 134|0x0000000088600000, 0x0000000088700000, 0x0000000088700000|100%| O|  |TAMS 0x0000000088700000, 0x0000000088600000| Untracked 
| 135|0x0000000088700000, 0x0000000088800000, 0x0000000088800000|100%| O|  |TAMS 0x0000000088800000, 0x0000000088700000| Untracked 
| 136|0x0000000088800000, 0x0000000088900000, 0x0000000088900000|100%| O|  |TAMS 0x0000000088800000, 0x0000000088800000| Untracked 
| 137|0x0000000088900000, 0x0000000088a00000, 0x0000000088a00000|100%| O|  |TAMS 0x0000000088900000, 0x0000000088900000| Untracked 
| 138|0x0000000088a00000, 0x0000000088b00000, 0x0000000088b00000|100%| O|  |TAMS 0x0000000088b00000, 0x0000000088a00000| Untracked 
| 139|0x0000000088b00000, 0x0000000088c00000, 0x0000000088c00000|100%| O|  |TAMS 0x0000000088c00000, 0x0000000088b00000| Untracked 
| 140|0x0000000088c00000, 0x0000000088d00000, 0x0000000088d00000|100%| O|  |TAMS 0x0000000088d00000, 0x0000000088c00000| Untracked 
| 141|0x0000000088d00000, 0x0000000088e00000, 0x0000000088e00000|100%| O|  |TAMS 0x0000000088e00000, 0x0000000088d00000| Untracked 
| 142|0x0000000088e00000, 0x0000000088f00000, 0x0000000088f00000|100%| O|  |TAMS 0x0000000088e00000, 0x0000000088e00000| Untracked 
| 143|0x0000000088f00000, 0x0000000089000000, 0x0000000089000000|100%| O|  |TAMS 0x0000000088f00000, 0x0000000088f00000| Untracked 
| 144|0x0000000089000000, 0x0000000089100000, 0x0000000089100000|100%| O|  |TAMS 0x0000000089000000, 0x0000000089000000| Untracked 
| 145|0x0000000089100000, 0x0000000089200000, 0x0000000089200000|100%| O|  |TAMS 0x0000000089100000, 0x0000000089100000| Untracked 
| 146|0x0000000089200000, 0x0000000089300000, 0x0000000089300000|100%| O|  |TAMS 0x0000000089200000, 0x0000000089200000| Untracked 
| 147|0x0000000089300000, 0x0000000089400000, 0x0000000089400000|100%| O|  |TAMS 0x0000000089300000, 0x0000000089300000| Untracked 
| 148|0x0000000089400000, 0x0000000089472000, 0x0000000089500000| 44%| O|  |TAMS 0x0000000089400000, 0x0000000089400000| Untracked 
| 149|0x0000000089500000, 0x0000000089500000, 0x0000000089600000|  0%| F|  |TAMS 0x0000000089500000, 0x0000000089500000| Untracked 
| 150|0x0000000089600000, 0x0000000089600000, 0x0000000089700000|  0%| F|  |TAMS 0x0000000089600000, 0x0000000089600000| Untracked 
| 151|0x0000000089700000, 0x0000000089700000, 0x0000000089800000|  0%| F|  |TAMS 0x0000000089700000, 0x0000000089700000| Untracked 
| 152|0x0000000089800000, 0x0000000089800000, 0x0000000089900000|  0%| F|  |TAMS 0x0000000089800000, 0x0000000089800000| Untracked 
| 153|0x0000000089900000, 0x0000000089900000, 0x0000000089a00000|  0%| F|  |TAMS 0x0000000089900000, 0x0000000089900000| Untracked 
| 154|0x0000000089a00000, 0x0000000089a00000, 0x0000000089b00000|  0%| F|  |TAMS 0x0000000089a00000, 0x0000000089a00000| Untracked 
| 155|0x0000000089b00000, 0x0000000089b00000, 0x0000000089c00000|  0%| F|  |TAMS 0x0000000089b00000, 0x0000000089b00000| Untracked 
| 156|0x0000000089c00000, 0x0000000089c00000, 0x0000000089d00000|  0%| F|  |TAMS 0x0000000089c00000, 0x0000000089c00000| Untracked 
| 157|0x0000000089d00000, 0x0000000089d00000, 0x0000000089e00000|  0%| F|  |TAMS 0x0000000089d00000, 0x0000000089d00000| Untracked 
| 158|0x0000000089e00000, 0x0000000089e00000, 0x0000000089f00000|  0%| F|  |TAMS 0x0000000089e00000, 0x0000000089e00000| Untracked 
| 159|0x0000000089f00000, 0x0000000089f00000, 0x000000008a000000|  0%| F|  |TAMS 0x0000000089f00000, 0x0000000089f00000| Untracked 
| 160|0x000000008a000000, 0x000000008a000000, 0x000000008a100000|  0%| F|  |TAMS 0x000000008a000000, 0x000000008a000000| Untracked 
| 161|0x000000008a100000, 0x000000008a100000, 0x000000008a200000|  0%| F|  |TAMS 0x000000008a100000, 0x000000008a100000| Untracked 
| 162|0x000000008a200000, 0x000000008a200000, 0x000000008a300000|  0%| F|  |TAMS 0x000000008a200000, 0x000000008a200000| Untracked 
| 163|0x000000008a300000, 0x000000008a300000, 0x000000008a400000|  0%| F|  |TAMS 0x000000008a300000, 0x000000008a300000| Untracked 
| 164|0x000000008a400000, 0x000000008a400000, 0x000000008a500000|  0%| F|  |TAMS 0x000000008a400000, 0x000000008a400000| Untracked 
| 165|0x000000008a500000, 0x000000008a500000, 0x000000008a600000|  0%| F|  |TAMS 0x000000008a500000, 0x000000008a500000| Untracked 
| 166|0x000000008a600000, 0x000000008a600000, 0x000000008a700000|  0%| F|  |TAMS 0x000000008a600000, 0x000000008a600000| Untracked 
| 167|0x000000008a700000, 0x000000008a700000, 0x000000008a800000|  0%| F|  |TAMS 0x000000008a700000, 0x000000008a700000| Untracked 
| 168|0x000000008a800000, 0x000000008a800000, 0x000000008a900000|  0%| F|  |TAMS 0x000000008a800000, 0x000000008a800000| Untracked 
| 169|0x000000008a900000, 0x000000008a900000, 0x000000008aa00000|  0%| F|  |TAMS 0x000000008a900000, 0x000000008a900000| Untracked 
| 170|0x000000008aa00000, 0x000000008aa00000, 0x000000008ab00000|  0%| F|  |TAMS 0x000000008aa00000, 0x000000008aa00000| Untracked 
| 171|0x000000008ab00000, 0x000000008ab00000, 0x000000008ac00000|  0%| F|  |TAMS 0x000000008ab00000, 0x000000008ab00000| Untracked 
| 172|0x000000008ac00000, 0x000000008ac00000, 0x000000008ad00000|  0%| F|  |TAMS 0x000000008ac00000, 0x000000008ac00000| Untracked 
| 173|0x000000008ad00000, 0x000000008ad00000, 0x000000008ae00000|  0%| F|  |TAMS 0x000000008ad00000, 0x000000008ad00000| Untracked 
| 174|0x000000008ae00000, 0x000000008ae00000, 0x000000008af00000|  0%| F|  |TAMS 0x000000008ae00000, 0x000000008ae00000| Untracked 
| 175|0x000000008af00000, 0x000000008af00000, 0x000000008b000000|  0%| F|  |TAMS 0x000000008af00000, 0x000000008af00000| Untracked 
| 176|0x000000008b000000, 0x000000008b000000, 0x000000008b100000|  0%| F|  |TAMS 0x000000008b000000, 0x000000008b000000| Untracked 
| 177|0x000000008b100000, 0x000000008b100000, 0x000000008b200000|  0%| F|  |TAMS 0x000000008b100000, 0x000000008b100000| Untracked 
| 178|0x000000008b200000, 0x000000008b200000, 0x000000008b300000|  0%| F|  |TAMS 0x000000008b200000, 0x000000008b200000| Untracked 
| 179|0x000000008b300000, 0x000000008b300000, 0x000000008b400000|  0%| F|  |TAMS 0x000000008b300000, 0x000000008b300000| Untracked 
| 180|0x000000008b400000, 0x000000008b400000, 0x000000008b500000|  0%| F|  |TAMS 0x000000008b400000, 0x000000008b400000| Untracked 
| 181|0x000000008b500000, 0x000000008b500000, 0x000000008b600000|  0%| F|  |TAMS 0x000000008b500000, 0x000000008b500000| Untracked 
| 182|0x000000008b600000, 0x000000008b600000, 0x000000008b700000|  0%| F|  |TAMS 0x000000008b600000, 0x000000008b600000| Untracked 
| 183|0x000000008b700000, 0x000000008b700000, 0x000000008b800000|  0%| F|  |TAMS 0x000000008b700000, 0x000000008b700000| Untracked 
| 184|0x000000008b800000, 0x000000008b800000, 0x000000008b900000|  0%| F|  |TAMS 0x000000008b800000, 0x000000008b800000| Untracked 
| 185|0x000000008b900000, 0x000000008b900000, 0x000000008ba00000|  0%| F|  |TAMS 0x000000008b900000, 0x000000008b900000| Untracked 
| 186|0x000000008ba00000, 0x000000008ba00000, 0x000000008bb00000|  0%| F|  |TAMS 0x000000008ba00000, 0x000000008ba00000| Untracked 
| 187|0x000000008bb00000, 0x000000008bb00000, 0x000000008bc00000|  0%| F|  |TAMS 0x000000008bb00000, 0x000000008bb00000| Untracked 
| 188|0x000000008bc00000, 0x000000008bc00000, 0x000000008bd00000|  0%| F|  |TAMS 0x000000008bc00000, 0x000000008bc00000| Untracked 
| 189|0x000000008bd00000, 0x000000008bd00000, 0x000000008be00000|  0%| F|  |TAMS 0x000000008bd00000, 0x000000008bd00000| Untracked 
| 190|0x000000008be00000, 0x000000008be00000, 0x000000008bf00000|  0%| F|  |TAMS 0x000000008be00000, 0x000000008be00000| Untracked 
| 191|0x000000008bf00000, 0x000000008bf00000, 0x000000008c000000|  0%| F|  |TAMS 0x000000008bf00000, 0x000000008bf00000| Untracked 
| 192|0x000000008c000000, 0x000000008c000000, 0x000000008c100000|  0%| F|  |TAMS 0x000000008c000000, 0x000000008c000000| Untracked 
| 193|0x000000008c100000, 0x000000008c100000, 0x000000008c200000|  0%| F|  |TAMS 0x000000008c100000, 0x000000008c100000| Untracked 
| 194|0x000000008c200000, 0x000000008c200000, 0x000000008c300000|  0%| F|  |TAMS 0x000000008c200000, 0x000000008c200000| Untracked 
| 195|0x000000008c300000, 0x000000008c300000, 0x000000008c400000|  0%| F|  |TAMS 0x000000008c300000, 0x000000008c300000| Untracked 
| 196|0x000000008c400000, 0x000000008c400000, 0x000000008c500000|  0%| F|  |TAMS 0x000000008c400000, 0x000000008c400000| Untracked 
| 197|0x000000008c500000, 0x000000008c500000, 0x000000008c600000|  0%| F|  |TAMS 0x000000008c500000, 0x000000008c500000| Untracked 
| 198|0x000000008c600000, 0x000000008c600000, 0x000000008c700000|  0%| F|  |TAMS 0x000000008c600000, 0x000000008c600000| Untracked 
| 199|0x000000008c700000, 0x000000008c700000, 0x000000008c800000|  0%| F|  |TAMS 0x000000008c700000, 0x000000008c700000| Untracked 
| 200|0x000000008c800000, 0x000000008c800000, 0x000000008c900000|  0%| F|  |TAMS 0x000000008c800000, 0x000000008c800000| Untracked 
| 201|0x000000008c900000, 0x000000008c900000, 0x000000008ca00000|  0%| F|  |TAMS 0x000000008c900000, 0x000000008c900000| Untracked 
| 202|0x000000008ca00000, 0x000000008ca00000, 0x000000008cb00000|  0%| F|  |TAMS 0x000000008ca00000, 0x000000008ca00000| Untracked 
| 203|0x000000008cb00000, 0x000000008cb00000, 0x000000008cc00000|  0%| F|  |TAMS 0x000000008cb00000, 0x000000008cb00000| Untracked 
| 204|0x000000008cc00000, 0x000000008cc00000, 0x000000008cd00000|  0%| F|  |TAMS 0x000000008cc00000, 0x000000008cc00000| Untracked 
| 205|0x000000008cd00000, 0x000000008cd00000, 0x000000008ce00000|  0%| F|  |TAMS 0x000000008cd00000, 0x000000008cd00000| Untracked 
| 206|0x000000008ce00000, 0x000000008ce00000, 0x000000008cf00000|  0%| F|  |TAMS 0x000000008ce00000, 0x000000008ce00000| Untracked 
| 207|0x000000008cf00000, 0x000000008cf00000, 0x000000008d000000|  0%| F|  |TAMS 0x000000008cf00000, 0x000000008cf00000| Untracked 
| 208|0x000000008d000000, 0x000000008d000000, 0x000000008d100000|  0%| F|  |TAMS 0x000000008d000000, 0x000000008d000000| Untracked 
| 209|0x000000008d100000, 0x000000008d100000, 0x000000008d200000|  0%| F|  |TAMS 0x000000008d100000, 0x000000008d100000| Untracked 
| 210|0x000000008d200000, 0x000000008d200000, 0x000000008d300000|  0%| F|  |TAMS 0x000000008d200000, 0x000000008d200000| Untracked 
| 211|0x000000008d300000, 0x000000008d300000, 0x000000008d400000|  0%| F|  |TAMS 0x000000008d300000, 0x000000008d300000| Untracked 
| 212|0x000000008d400000, 0x000000008d400000, 0x000000008d500000|  0%| F|  |TAMS 0x000000008d400000, 0x000000008d400000| Untracked 
| 213|0x000000008d500000, 0x000000008d500000, 0x000000008d600000|  0%| F|  |TAMS 0x000000008d500000, 0x000000008d500000| Untracked 
| 214|0x000000008d600000, 0x000000008d600000, 0x000000008d700000|  0%| F|  |TAMS 0x000000008d600000, 0x000000008d600000| Untracked 
| 215|0x000000008d700000, 0x000000008d700000, 0x000000008d800000|  0%| F|  |TAMS 0x000000008d700000, 0x000000008d700000| Untracked 
| 216|0x000000008d800000, 0x000000008d800000, 0x000000008d900000|  0%| F|  |TAMS 0x000000008d800000, 0x000000008d800000| Untracked 
| 217|0x000000008d900000, 0x000000008d900000, 0x000000008da00000|  0%| F|  |TAMS 0x000000008d900000, 0x000000008d900000| Untracked 
| 218|0x000000008da00000, 0x000000008da00000, 0x000000008db00000|  0%| F|  |TAMS 0x000000008da00000, 0x000000008da00000| Untracked 
| 219|0x000000008db00000, 0x000000008db00000, 0x000000008dc00000|  0%| F|  |TAMS 0x000000008db00000, 0x000000008db00000| Untracked 
| 220|0x000000008dc00000, 0x000000008dc00000, 0x000000008dd00000|  0%| F|  |TAMS 0x000000008dc00000, 0x000000008dc00000| Untracked 
| 221|0x000000008dd00000, 0x000000008dd00000, 0x000000008de00000|  0%| F|  |TAMS 0x000000008dd00000, 0x000000008dd00000| Untracked 
| 222|0x000000008de00000, 0x000000008de00000, 0x000000008df00000|  0%| F|  |TAMS 0x000000008de00000, 0x000000008de00000| Untracked 
| 223|0x000000008df00000, 0x000000008df00000, 0x000000008e000000|  0%| F|  |TAMS 0x000000008df00000, 0x000000008df00000| Untracked 
| 224|0x000000008e000000, 0x000000008e000000, 0x000000008e100000|  0%| F|  |TAMS 0x000000008e000000, 0x000000008e000000| Untracked 
| 225|0x000000008e100000, 0x000000008e100000, 0x000000008e200000|  0%| F|  |TAMS 0x000000008e100000, 0x000000008e100000| Untracked 
| 226|0x000000008e200000, 0x000000008e200000, 0x000000008e300000|  0%| F|  |TAMS 0x000000008e200000, 0x000000008e200000| Untracked 
| 227|0x000000008e300000, 0x000000008e300000, 0x000000008e400000|  0%| F|  |TAMS 0x000000008e300000, 0x000000008e300000| Untracked 
| 228|0x000000008e400000, 0x000000008e400000, 0x000000008e500000|  0%| F|  |TAMS 0x000000008e400000, 0x000000008e400000| Untracked 
| 229|0x000000008e500000, 0x000000008e500000, 0x000000008e600000|  0%| F|  |TAMS 0x000000008e500000, 0x000000008e500000| Untracked 
| 230|0x000000008e600000, 0x000000008e600000, 0x000000008e700000|  0%| F|  |TAMS 0x000000008e600000, 0x000000008e600000| Untracked 
| 231|0x000000008e700000, 0x000000008e700000, 0x000000008e800000|  0%| F|  |TAMS 0x000000008e700000, 0x000000008e700000| Untracked 
| 232|0x000000008e800000, 0x000000008e800000, 0x000000008e900000|  0%| F|  |TAMS 0x000000008e800000, 0x000000008e800000| Untracked 
| 233|0x000000008e900000, 0x000000008e900000, 0x000000008ea00000|  0%| F|  |TAMS 0x000000008e900000, 0x000000008e900000| Untracked 
| 234|0x000000008ea00000, 0x000000008ea00000, 0x000000008eb00000|  0%| F|  |TAMS 0x000000008ea00000, 0x000000008ea00000| Untracked 
| 235|0x000000008eb00000, 0x000000008eb00000, 0x000000008ec00000|  0%| F|  |TAMS 0x000000008eb00000, 0x000000008eb00000| Untracked 
| 236|0x000000008ec00000, 0x000000008ec00000, 0x000000008ed00000|  0%| F|  |TAMS 0x000000008ec00000, 0x000000008ec00000| Untracked 
| 237|0x000000008ed00000, 0x000000008eda4630, 0x000000008ee00000| 64%| S|CS|TAMS 0x000000008ed00000, 0x000000008ed00000| Complete 
| 238|0x000000008ee00000, 0x000000008ee00000, 0x000000008ef00000|  0%| F|  |TAMS 0x000000008ee00000, 0x000000008ee00000| Untracked 
| 239|0x000000008ef00000, 0x000000008ef00000, 0x000000008f000000|  0%| F|  |TAMS 0x000000008ef00000, 0x000000008ef00000| Untracked 
| 240|0x000000008f000000, 0x000000008f02fa80, 0x000000008f100000| 18%| E|  |TAMS 0x000000008f000000, 0x000000008f000000| Complete 
| 241|0x000000008f100000, 0x000000008f200000, 0x000000008f200000|100%| E|CS|TAMS 0x000000008f100000, 0x000000008f100000| Complete 
| 242|0x000000008f200000, 0x000000008f300000, 0x000000008f300000|100%| E|CS|TAMS 0x000000008f200000, 0x000000008f200000| Complete 
| 243|0x000000008f300000, 0x000000008f400000, 0x000000008f400000|100%| E|CS|TAMS 0x000000008f300000, 0x000000008f300000| Complete 
| 244|0x000000008f400000, 0x000000008f500000, 0x000000008f500000|100%| E|CS|TAMS 0x000000008f400000, 0x000000008f400000| Complete 
| 245|0x000000008f500000, 0x000000008f600000, 0x000000008f600000|100%| E|CS|TAMS 0x000000008f500000, 0x000000008f500000| Complete 
| 246|0x000000008f600000, 0x000000008f700000, 0x000000008f700000|100%| E|CS|TAMS 0x000000008f600000, 0x000000008f600000| Complete 
| 247|0x000000008f700000, 0x000000008f800000, 0x000000008f800000|100%| E|CS|TAMS 0x000000008f700000, 0x000000008f700000| Complete 
| 248|0x000000008f800000, 0x000000008f900000, 0x000000008f900000|100%| E|CS|TAMS 0x000000008f800000, 0x000000008f800000| Complete 
| 249|0x000000008f900000, 0x000000008f9ffff0, 0x000000008fa00000| 99%| E|  |TAMS 0x000000008f900000, 0x000000008f900000| Complete 
|2046|0x00000000ffe00000, 0x00000000fff00000, 0x00000000fff00000|100%| O|  |TAMS 0x00000000fff00000, 0x00000000ffe00000| Untracked 
|2047|0x00000000fff00000, 0x0000000100000000, 0x0000000100000000|100%| O|  |TAMS 0x0000000100000000, 0x00000000fff00000| Untracked 

Card table byte_map: [0x0000024e73bf0000,0x0000024e73ff0000] _byte_map_base: 0x0000024e737f0000

Marking Bits (Prev, Next): (CMBitMap*) 0x0000024e5af5e400, (CMBitMap*) 0x0000024e5af5e440
 Prev Bits: [0x0000024e743f0000, 0x0000024e763f0000)
 Next Bits: [0x0000024e763f0000, 0x0000024e783f0000)

Polling page: 0x0000024e5afc0000

Metaspace:

Usage:
  Non-class:    131.44 MB used.
      Class:     18.97 MB used.
       Both:    150.42 MB used.

Virtual space:
  Non-class space:      192.00 MB reserved,     131.94 MB ( 69%) committed,  3 nodes.
      Class space:      416.00 MB reserved,      19.38 MB (  5%) committed,  1 nodes.
             Both:      608.00 MB reserved,     151.31 MB ( 25%) committed. 

Chunk freelists:
   Non-Class:  11.55 MB
       Class:  12.45 MB
        Both:  24.00 MB

MaxMetaspaceSize: 512.00 MB
CompressedClassSpaceSize: 416.00 MB
Initial GC threshold: 21.00 MB
Current GC threshold: 227.12 MB
CDS: on
MetaspaceReclaimPolicy: balanced
 - commit_granule_bytes: 65536.
 - commit_granule_words: 8192.
 - virtual_space_node_default_size: 8388608.
 - enlarge_chunks_in_place: 1.
 - new_chunks_are_fully_committed: 0.
 - uncommit_free_chunks: 1.
 - use_allocation_guard: 0.
 - handle_deallocations: 1.


Internal statistics:

num_allocs_failed_limit: 6.
num_arena_births: 1272.
num_arena_deaths: 16.
num_vsnodes_births: 4.
num_vsnodes_deaths: 0.
num_space_committed: 2419.
num_space_uncommitted: 0.
num_chunks_returned_to_freelist: 40.
num_chunks_taken_from_freelist: 6986.
num_chunk_merges: 5.
num_chunk_splits: 5144.
num_chunks_enlarged: 3992.
num_inconsistent_stats: 0.

CodeHeap 'non-profiled nmethods': size=120000Kb used=13023Kb max_used=13167Kb free=106976Kb
 bounds [0x0000024e6b860000, 0x0000024e6c540000, 0x0000024e72d90000]
CodeHeap 'profiled nmethods': size=120000Kb used=38570Kb max_used=39628Kb free=81429Kb
 bounds [0x0000024e63d90000, 0x0000024e66450000, 0x0000024e6b2c0000]
CodeHeap 'non-nmethods': size=5760Kb used=2615Kb max_used=2673Kb free=3144Kb
 bounds [0x0000024e6b2c0000, 0x0000024e6b570000, 0x0000024e6b860000]
 total_blobs=19571 nmethods=18386 adapters=1094
 compilation: enabled
              stopped_count=0, restarted_count=0
 full_count=0

Compilation events (20 events):
Event: 467.315 Thread 0x0000024e7aea4950 nmethod 22587 0x0000024e64ccd190 code [0x0000024e64ccd920, 0x0000024e64cd21b8]
Event: 467.315 Thread 0x0000024e7aea4950 22590       3       jdk.internal.jimage.ImageBufferCache::releaseBuffer (71 bytes)
Event: 467.549 Thread 0x0000024e7aea4950 nmethod 22590 0x0000024e64a95890 code [0x0000024e64a95b00, 0x0000024e64a96938]
Event: 468.749 Thread 0x0000024e7aea3f90 nmethod 22581 0x0000024e6bfd9290 code [0x0000024e6bfd9560, 0x0000024e6bfdc2a8]
Event: 468.749 Thread 0x0000024e7aea3f90 22585       4       java.nio.MappedByteBuffer::limit (6 bytes)
Event: 468.761 Thread 0x0000024e7aea3f90 nmethod 22585 0x0000024e6c261810 code [0x0000024e6c261980, 0x0000024e6c261a78]
Event: 468.761 Thread 0x0000024e7aea3f90 22586       4       java.nio.MappedByteBuffer::position (6 bytes)
Event: 468.762 Thread 0x0000024e7aea3f90 nmethod 22586 0x0000024e6c261490 code [0x0000024e6c261600, 0x0000024e6c2616f8]
Event: 468.762 Thread 0x0000024e7aea3f90 22589   !   4       jdk.internal.jimage.BasicImageReader::slice (32 bytes)
Event: 468.867 Thread 0x0000024e7aea3f90 nmethod 22589 0x0000024e6c260e90 code [0x0000024e6c261020, 0x0000024e6c2612d8]
Event: 470.409 Thread 0x0000024e7aea3f90 22591   !   4       org.jetbrains.kotlin.metadata.ProtoBuf$Property::<init> (1283 bytes)
Event: 470.466 Thread 0x0000024e7aea4950 22593       3       sun.net.www.protocol.jar.URLJarFile::getJarFile (46 bytes)
Event: 470.491 Thread 0x0000024e7aea4950 nmethod 22593 0x0000024e647b8c10 code [0x0000024e647b8e00, 0x0000024e647b91f8]
Event: 470.491 Thread 0x0000024e7aea4950 22594       3       java.util.jar.JarFile::baseVersion (4 bytes)
Event: 470.491 Thread 0x0000024e7aea4950 nmethod 22594 0x0000024e650fe510 code [0x0000024e650fe6a0, 0x0000024e650fe798]
Event: 470.528 Thread 0x0000024e7aea4950 22596       3       org.jetbrains.kotlin.config.CompilerConfiguration::getBoolean (25 bytes)
Event: 470.535 Thread 0x0000024e7aea4950 nmethod 22596 0x0000024e63fdb290 code [0x0000024e63fdb460, 0x0000024e63fdb7b8]
Event: 470.711 Thread 0x0000024e7aea4950 22599       1       org.jetbrains.kotlin.com.intellij.util.containers.hash.LinkedHashMap$Entry::access$400 (5 bytes)
Event: 470.716 Thread 0x0000024e7aea4950 nmethod 22599 0x0000024e6c260b90 code [0x0000024e6c260d20, 0x0000024e6c260dd8]
Event: 470.914 Thread 0x0000024e7aea4950 22600 %     3       org.jetbrains.kotlin.metadata.jvm.deserialization.ModuleMapping$Companion::loadModuleMapping @ 364 (1041 bytes)

GC Heap History (20 events):
Event: 204.602 GC heap before
{Heap before GC invocations=93 (full 0):
 garbage-first heap   total 258048K, used 210667K [0x0000000080000000, 0x0000000100000000)
  region size 1024K, 80 young (81920K), 4 survivors (4096K)
 Metaspace       used 139790K, committed 140608K, reserved 557056K
  class space    used 17655K, committed 17984K, reserved 425984K
}
Event: 204.606 GC heap after
{Heap after GC invocations=94 (full 0):
 garbage-first heap   total 258048K, used 130716K [0x0000000080000000, 0x0000000100000000)
  region size 1024K, 2 young (2048K), 2 survivors (2048K)
 Metaspace       used 139790K, committed 140608K, reserved 557056K
  class space    used 17655K, committed 17984K, reserved 425984K
}
Event: 206.588 GC heap before
{Heap before GC invocations=94 (full 0):
 garbage-first heap   total 258048K, used 213660K [0x0000000080000000, 0x0000000100000000)
  region size 1024K, 83 young (84992K), 2 survivors (2048K)
 Metaspace       used 139829K, committed 140608K, reserved 557056K
  class space    used 17655K, committed 17984K, reserved 425984K
}
Event: 206.593 GC heap after
{Heap after GC invocations=95 (full 0):
 garbage-first heap   total 258048K, used 130520K [0x0000000080000000, 0x0000000100000000)
  region size 1024K, 1 young (1024K), 1 survivors (1024K)
 Metaspace       used 139829K, committed 140608K, reserved 557056K
  class space    used 17655K, committed 17984K, reserved 425984K
}
Event: 213.907 GC heap before
{Heap before GC invocations=95 (full 0):
 garbage-first heap   total 258048K, used 218584K [0x0000000080000000, 0x0000000100000000)
  region size 1024K, 86 young (88064K), 1 survivors (1024K)
 Metaspace       used 140080K, committed 140864K, reserved 557056K
  class space    used 17656K, committed 17984K, reserved 425984K
}
Event: 213.960 GC heap after
{Heap after GC invocations=96 (full 0):
 garbage-first heap   total 258048K, used 141486K [0x0000000080000000, 0x0000000100000000)
  region size 1024K, 11 young (11264K), 11 survivors (11264K)
 Metaspace       used 140080K, committed 140864K, reserved 557056K
  class space    used 17656K, committed 17984K, reserved 425984K
}
Event: 231.456 GC heap before
{Heap before GC invocations=96 (full 0):
 garbage-first heap   total 258048K, used 212142K [0x0000000080000000, 0x0000000100000000)
  region size 1024K, 80 young (81920K), 11 survivors (11264K)
 Metaspace       used 142548K, committed 143360K, reserved 557056K
  class space    used 17837K, committed 18240K, reserved 425984K
}
Event: 231.517 GC heap after
{Heap after GC invocations=97 (full 0):
 garbage-first heap   total 258048K, used 151408K [0x0000000080000000, 0x0000000100000000)
  region size 1024K, 10 young (10240K), 10 survivors (10240K)
 Metaspace       used 142548K, committed 143360K, reserved 557056K
  class space    used 17837K, committed 18240K, reserved 425984K
}
Event: 235.894 GC heap before
{Heap before GC invocations=97 (full 0):
 garbage-first heap   total 258048K, used 213872K [0x0000000080000000, 0x0000000100000000)
  region size 1024K, 70 young (71680K), 10 survivors (10240K)
 Metaspace       used 143093K, committed 143872K, reserved 557056K
  class space    used 17883K, committed 18240K, reserved 425984K
}
Event: 235.912 GC heap after
{Heap after GC invocations=98 (full 0):
 garbage-first heap   total 258048K, used 149748K [0x0000000080000000, 0x0000000100000000)
  region size 1024K, 2 young (2048K), 2 survivors (2048K)
 Metaspace       used 143093K, committed 143872K, reserved 557056K
  class space    used 17883K, committed 18240K, reserved 425984K
}
Event: 249.623 GC heap before
{Heap before GC invocations=98 (full 0):
 garbage-first heap   total 258048K, used 214260K [0x0000000080000000, 0x0000000100000000)
  region size 1024K, 65 young (66560K), 2 survivors (2048K)
 Metaspace       used 148073K, committed 148992K, reserved 557056K
  class space    used 18547K, committed 19008K, reserved 425984K
}
Event: 249.632 GC heap after
{Heap after GC invocations=99 (full 0):
 garbage-first heap   total 258048K, used 150698K [0x0000000080000000, 0x0000000100000000)
  region size 1024K, 3 young (3072K), 3 survivors (3072K)
 Metaspace       used 148073K, committed 148992K, reserved 557056K
  class space    used 18547K, committed 19008K, reserved 425984K
}
Event: 303.275 GC heap before
{Heap before GC invocations=99 (full 0):
 garbage-first heap   total 258048K, used 216234K [0x0000000080000000, 0x0000000100000000)
  region size 1024K, 67 young (68608K), 3 survivors (3072K)
 Metaspace       used 152138K, committed 153024K, reserved 622592K
  class space    used 19214K, committed 19648K, reserved 425984K
}
Event: 303.418 GC heap after
{Heap after GC invocations=100 (full 0):
 garbage-first heap   total 258048K, used 152693K [0x0000000080000000, 0x0000000100000000)
  region size 1024K, 5 young (5120K), 5 survivors (5120K)
 Metaspace       used 152138K, committed 153024K, reserved 622592K
  class space    used 19214K, committed 19648K, reserved 425984K
}
Event: 414.842 GC heap before
{Heap before GC invocations=100 (full 0):
 garbage-first heap   total 258048K, used 217205K [0x0000000080000000, 0x0000000100000000)
  region size 1024K, 69 young (70656K), 5 survivors (5120K)
 Metaspace       used 153967K, committed 154880K, reserved 622592K
  class space    used 19428K, committed 19840K, reserved 425984K
}
Event: 416.181 GC heap after
{Heap after GC invocations=101 (full 0):
 garbage-first heap   total 258048K, used 154376K [0x0000000080000000, 0x0000000100000000)
  region size 1024K, 7 young (7168K), 7 survivors (7168K)
 Metaspace       used 153967K, committed 154880K, reserved 622592K
  class space    used 19428K, committed 19840K, reserved 425984K
}
Event: 432.483 GC heap before
{Heap before GC invocations=101 (full 0):
 garbage-first heap   total 258048K, used 158472K [0x0000000080000000, 0x0000000100000000)
  region size 1024K, 12 young (12288K), 7 survivors (7168K)
 Metaspace       used 153973K, committed 154880K, reserved 622592K
  class space    used 19428K, committed 19840K, reserved 425984K
}
Event: 432.642 GC heap after
{Heap after GC invocations=102 (full 0):
 garbage-first heap   total 258048K, used 155000K [0x0000000080000000, 0x0000000100000000)
  region size 1024K, 1 young (1024K), 1 survivors (1024K)
 Metaspace       used 153973K, committed 154880K, reserved 622592K
  class space    used 19428K, committed 19840K, reserved 425984K
}
Event: 465.283 GC heap before
{Heap before GC invocations=102 (full 0):
 garbage-first heap   total 258048K, used 166264K [0x0000000080000000, 0x0000000100000000)
  region size 1024K, 12 young (12288K), 1 survivors (1024K)
 Metaspace       used 154023K, committed 154944K, reserved 622592K
  class space    used 19430K, committed 19840K, reserved 425984K
}
Event: 467.012 GC heap after
{Heap after GC invocations=103 (full 0):
 garbage-first heap   total 258048K, used 154713K [0x0000000080000000, 0x0000000100000000)
  region size 1024K, 1 young (1024K), 1 survivors (1024K)
 Metaspace       used 154023K, committed 154944K, reserved 622592K
  class space    used 19430K, committed 19840K, reserved 425984K
}

Deoptimization events (20 events):
Event: 433.094 Thread 0x0000024e7f131a10 Uncommon trap: trap_request=0xffffffbe fr.pc=0x0000024e6c1e7664 relative=0x0000000000003a64
Event: 433.094 Thread 0x0000024e7f131a10 Uncommon trap: reason=profile_predicate action=maybe_recompile pc=0x0000024e6c1e7664 method=kotlinx.metadata.impl.ReadersKt.accept(Lkotlinx/metadata/internal/metadata/ProtoBuf$Type;Lkotlinx/metadata/KmTypeVisitor;Lkotlinx/metadata/impl/ReadContext;)V @ 16
Event: 433.094 Thread 0x0000024e7f131a10 DEOPT PACKING pc=0x0000024e6c1e7664 sp=0x000000ec4dff40f0
Event: 433.094 Thread 0x0000024e7f131a10 DEOPT UNPACKING pc=0x0000024e6b3123a3 sp=0x000000ec4dff4100 mode 2
Event: 433.094 Thread 0x0000024e7f131a10 Uncommon trap: trap_request=0xffffffbe fr.pc=0x0000024e6c1e7664 relative=0x0000000000003a64
Event: 433.094 Thread 0x0000024e7f131a10 Uncommon trap: reason=profile_predicate action=maybe_recompile pc=0x0000024e6c1e7664 method=kotlinx.metadata.impl.ReadersKt.accept(Lkotlinx/metadata/internal/metadata/ProtoBuf$Type;Lkotlinx/metadata/KmTypeVisitor;Lkotlinx/metadata/impl/ReadContext;)V @ 16
Event: 433.094 Thread 0x0000024e7f131a10 DEOPT PACKING pc=0x0000024e6c1e7664 sp=0x000000ec4dff42e0
Event: 433.094 Thread 0x0000024e7f131a10 DEOPT UNPACKING pc=0x0000024e6b3123a3 sp=0x000000ec4dff42f0 mode 2
Event: 433.094 Thread 0x0000024e7f131a10 Uncommon trap: trap_request=0xffffffbe fr.pc=0x0000024e6c1e7664 relative=0x0000000000003a64
Event: 433.094 Thread 0x0000024e7f131a10 Uncommon trap: reason=profile_predicate action=maybe_recompile pc=0x0000024e6c1e7664 method=kotlinx.metadata.impl.ReadersKt.accept(Lkotlinx/metadata/internal/metadata/ProtoBuf$Type;Lkotlinx/metadata/KmTypeVisitor;Lkotlinx/metadata/impl/ReadContext;)V @ 16
Event: 433.095 Thread 0x0000024e7f131a10 DEOPT PACKING pc=0x0000024e6c1e7664 sp=0x000000ec4dff42d0
Event: 433.095 Thread 0x0000024e7f131a10 DEOPT UNPACKING pc=0x0000024e6b3123a3 sp=0x000000ec4dff42e0 mode 2
Event: 434.345 Thread 0x0000024e7f131a10 DEOPT PACKING pc=0x0000024e66213e24 sp=0x000000ec4dff4a20
Event: 434.345 Thread 0x0000024e7f131a10 DEOPT UNPACKING pc=0x0000024e6b312b43 sp=0x000000ec4dff3ed0 mode 0
Event: 463.695 Thread 0x0000024e7f131a10 Uncommon trap: trap_request=0xffffff45 fr.pc=0x0000024e6be12dfc relative=0x000000000000007c
Event: 463.696 Thread 0x0000024e7f131a10 Uncommon trap: reason=unstable_if action=reinterpret pc=0x0000024e6be12dfc method=org.jetbrains.kotlin.parsing.SemanticWhitespaceAwarePsiBuilderImpl.getJoinedTokenType(Lorg/jetbrains/kotlin/com/intellij/psi/tree/IElementType;I)Lorg/jetbrains/kotlin/com/in
Event: 463.696 Thread 0x0000024e7f131a10 DEOPT PACKING pc=0x0000024e6be12dfc sp=0x000000ec4dff1710
Event: 463.698 Thread 0x0000024e7f131a10 DEOPT UNPACKING pc=0x0000024e6b3123a3 sp=0x000000ec4dff1698 mode 2
Event: 464.884 Thread 0x0000024e7f131a10 DEOPT PACKING pc=0x0000024e64a14210 sp=0x000000ec4dff31f0
Event: 464.889 Thread 0x0000024e7f131a10 DEOPT UNPACKING pc=0x0000024e6b312b43 sp=0x000000ec4dff27d0 mode 0

Classes unloaded (20 events):
Event: 42.853 Thread 0x0000024e7ae796e0 Unloading class 0x0000024e01626000 '_BuildScript_'
Event: 42.853 Thread 0x0000024e7ae796e0 Unloading class 0x0000024e01636918 '_BuildScript_$_run_closure1$_closure2'
Event: 42.853 Thread 0x0000024e7ae796e0 Unloading class 0x0000024e01636530 '_BuildScript_$_run_closure1'
Event: 42.853 Thread 0x0000024e7ae796e0 Unloading class 0x0000024e01636000 '_BuildScript_'
Event: 42.853 Thread 0x0000024e7ae796e0 Unloading class 0x0000024e016343e8 '_BuildScript_$_run_closure1$_closure2$_closure3$_closure4'
Event: 42.853 Thread 0x0000024e7ae796e0 Unloading class 0x0000024e01634000 '_BuildScript_$_run_closure1$_closure2$_closure3'
Event: 42.853 Thread 0x0000024e7ae796e0 Unloading class 0x0000024e01633918 '_BuildScript_$_run_closure1$_closure2'
Event: 42.853 Thread 0x0000024e7ae796e0 Unloading class 0x0000024e01633530 '_BuildScript_$_run_closure1'
Event: 42.853 Thread 0x0000024e7ae796e0 Unloading class 0x0000024e01633000 '_BuildScript_'
Event: 42.853 Thread 0x0000024e7ae796e0 Unloading class 0x0000024e016317d0 '_BuildScript_$_run_closure1$_closure2$_closure4$_closure5'
Event: 42.853 Thread 0x0000024e7ae796e0 Unloading class 0x0000024e016313e8 '_BuildScript_$_run_closure1$_closure2$_closure4'
Event: 42.853 Thread 0x0000024e7ae796e0 Unloading class 0x0000024e01631000 '_BuildScript_$_run_closure1$_closure2$_closure3'
Event: 42.853 Thread 0x0000024e7ae796e0 Unloading class 0x0000024e01630918 '_BuildScript_$_run_closure1$_closure2'
Event: 42.853 Thread 0x0000024e7ae796e0 Unloading class 0x0000024e01630530 '_BuildScript_$_run_closure1'
Event: 42.853 Thread 0x0000024e7ae796e0 Unloading class 0x0000024e01630000 '_BuildScript_'
Event: 42.853 Thread 0x0000024e7ae796e0 Unloading class 0x0000024e0162a3e8 '_BuildScript_$_run_closure1$_closure2$_closure3$_closure4'
Event: 42.853 Thread 0x0000024e7ae796e0 Unloading class 0x0000024e0162a000 '_BuildScript_$_run_closure1$_closure2$_closure3'
Event: 42.853 Thread 0x0000024e7ae796e0 Unloading class 0x0000024e01629918 '_BuildScript_$_run_closure1$_closure2'
Event: 42.853 Thread 0x0000024e7ae796e0 Unloading class 0x0000024e01629530 '_BuildScript_$_run_closure1'
Event: 42.853 Thread 0x0000024e7ae796e0 Unloading class 0x0000024e01629000 '_BuildScript_'

Classes redefined (0 events):
No events

Internal exceptions (20 events):
Event: 238.354 Thread 0x0000024e7f131a10 Exception <a 'java/lang/NoSuchMethodError'{0x000000008ef227e8}: static Lorg/jetbrains/kotlin/gradle/plugin/internal/DefaultConfigurationCacheStartParameterAccessorVariantFactory;.<clinit>()V> (0x000000008ef227e8) 
thrown [s\open\src\hotspot\share\prims\jni.cpp, line 1112]
Event: 239.583 Thread 0x0000024e7f131a10 Exception <a 'java/lang/IncompatibleClassChangeError'{0x000000008eed2fe0}: Found class java.lang.Object, but interface was expected> (0x000000008eed2fe0) 
thrown [s\open\src\hotspot\share\interpreter\linkResolver.cpp, line 826]
Event: 240.926 Thread 0x0000024e7f131a10 Implicit null exception at 0x0000024e6c40c56d to 0x0000024e6c40c714
Event: 241.665 Thread 0x0000024e7f131a10 Exception <a 'java/lang/NoSuchMethodError'{0x000000008e6b57c8}: static Ljava/lang/Object;.<clinit>()V> (0x000000008e6b57c8) 
thrown [s\open\src\hotspot\share\prims\jni.cpp, line 1112]
Event: 241.835 Thread 0x0000024e7f131a10 Exception <a 'java/lang/NoSuchMethodError'{0x000000008e57db78}: static Lorg/jetbrains/kotlin/gradle/plugin/statistics/MetricContainer;.<clinit>()V> (0x000000008e57db78) 
thrown [s\open\src\hotspot\share\prims\jni.cpp, line 1112]
Event: 260.995 Thread 0x0000024e7f131a10 Implicit null exception at 0x0000024e6c1b6b14 to 0x0000024e6c1b6f40
Event: 290.218 Thread 0x0000024e7f131a10 Exception <a 'java/lang/ClassNotFoundException'{0x000000008c4fab08}: org/jetbrains/kotlin/gradle/targets/js/npm/DefaultNpmDependencyExtensionBeanInfo> (0x000000008c4fab08) 
thrown [s\open\src\hotspot\share\classfile\systemDictionary.cpp, line 256]
Event: 290.276 Thread 0x0000024e7f131a10 Exception <a 'java/lang/ClassNotFoundException'{0x000000008c312b20}: org/jetbrains/kotlin/gradle/targets/js/npm/DefaultNpmDependencyExtensionCustomizer> (0x000000008c312b20) 
thrown [s\open\src\hotspot\share\classfile\systemDictionary.cpp, line 256]
Event: 290.895 Thread 0x0000024e7f131a10 Exception <a 'java/lang/ClassNotFoundException'{0x000000008c3c3c78}: org/jetbrains/kotlin/gradle/targets/js/npm/NpmDependencyExtensionKt$defaultNpmDependencyDelegate$1BeanInfo> (0x000000008c3c3c78) 
thrown [s\open\src\hotspot\share\classfile\systemDictionary.cpp, line 256]
Event: 290.908 Thread 0x0000024e7f131a10 Exception <a 'java/lang/ClassNotFoundException'{0x000000008c3d8af0}: org/jetbrains/kotlin/gradle/targets/js/npm/NpmDependencyExtensionDelegateBeanInfo> (0x000000008c3d8af0) 
thrown [s\open\src\hotspot\share\classfile\systemDictionary.cpp, line 256]
Event: 290.928 Thread 0x0000024e7f131a10 Exception <a 'java/lang/ClassNotFoundException'{0x000000008c3ed6d0}: org/jetbrains/kotlin/gradle/targets/js/npm/NpmDependencyExtensionDelegateCustomizer> (0x000000008c3ed6d0) 
thrown [s\open\src\hotspot\share\classfile\systemDictionary.cpp, line 256]
Event: 290.940 Thread 0x0000024e7f131a10 Exception <a 'java/lang/ClassNotFoundException'{0x000000008c229180}: org/jetbrains/kotlin/gradle/targets/js/npm/NpmDependencyExtensionKt$defaultNpmDependencyDelegate$1Customizer> (0x000000008c229180) 
thrown [s\open\src\hotspot\share\classfile\systemDictionary.cpp, line 256]
Event: 290.970 Thread 0x0000024e7f131a10 Exception <a 'java/lang/ClassNotFoundException'{0x000000008c277d58}: org/jetbrains/kotlin/gradle/targets/js/npm/DefaultDevNpmDependencyExtensionBeanInfo> (0x000000008c277d58) 
thrown [s\open\src\hotspot\share\classfile\systemDictionary.cpp, line 256]
Event: 290.979 Thread 0x0000024e7f131a10 Exception <a 'java/lang/ClassNotFoundException'{0x000000008c28cbd8}: org/jetbrains/kotlin/gradle/targets/js/npm/DefaultDevNpmDependencyExtensionCustomizer> (0x000000008c28cbd8) 
thrown [s\open\src\hotspot\share\classfile\systemDictionary.cpp, line 256]
Event: 291.511 Thread 0x0000024e7f131a10 Exception <a 'java/lang/ClassNotFoundException'{0x000000008c2e4058}: org/jetbrains/kotlin/gradle/targets/js/npm/DefaultPeerNpmDependencyExtensionBeanInfo> (0x000000008c2e4058) 
thrown [s\open\src\hotspot\share\classfile\systemDictionary.cpp, line 256]
Event: 291.608 Thread 0x0000024e7f131a10 Exception <a 'java/lang/ClassNotFoundException'{0x000000008c2f8c60}: org/jetbrains/kotlin/gradle/targets/js/npm/DefaultPeerNpmDependencyExtensionCustomizer> (0x000000008c2f8c60) 
thrown [s\open\src\hotspot\share\classfile\systemDictionary.cpp, line 256]
Event: 291.804 Thread 0x0000024e7f131a10 Exception <a 'java/lang/ClassNotFoundException'{0x000000008c15f920}: org/jetbrains/kotlin/gradle/targets/js/npm/DefaultPeerNpmDependencyExtension$delegate$1BeanInfo> (0x000000008c15f920) 
thrown [s\open\src\hotspot\share\classfile\systemDictionary.cpp, line 256]
Event: 291.809 Thread 0x0000024e7f131a10 Exception <a 'java/lang/ClassNotFoundException'{0x000000008c174740}: org/jetbrains/kotlin/gradle/targets/js/npm/DefaultPeerNpmDependencyExtension$delegate$1Customizer> (0x000000008c174740) 
thrown [s\open\src\hotspot\share\classfile\systemDictionary.cpp, line 256]
Event: 450.671 Thread 0x0000024e7f131a10 Exception <a 'sun/nio/fs/WindowsException'{0x000000008f070ac8}> (0x000000008f070ac8) 
thrown [s\open\src\hotspot\share\prims\jni.cpp, line 516]
Event: 450.911 Thread 0x0000024e7f131a10 Exception <a 'sun/nio/fs/WindowsException'{0x000000008f072ad0}> (0x000000008f072ad0) 
thrown [s\open\src\hotspot\share\prims\jni.cpp, line 516]

VM Operations (20 events):
Event: 434.688 Executing VM operation: Cleanup
Event: 434.735 Executing VM operation: Cleanup done
Event: 436.747 Executing VM operation: Cleanup
Event: 436.843 Executing VM operation: Cleanup done
Event: 439.876 Executing VM operation: Cleanup
Event: 439.908 Executing VM operation: Cleanup done
Event: 440.923 Executing VM operation: Cleanup
Event: 440.987 Executing VM operation: Cleanup done
Event: 441.996 Executing VM operation: Cleanup
Event: 442.074 Executing VM operation: Cleanup done
Event: 443.078 Executing VM operation: Cleanup
Event: 443.188 Executing VM operation: Cleanup done
Event: 452.255 Executing VM operation: Cleanup
Event: 452.365 Executing VM operation: Cleanup done
Event: 463.426 Executing VM operation: Cleanup
Event: 463.663 Executing VM operation: Cleanup done
Event: 465.139 Executing VM operation: G1CollectForAllocation
Event: 467.015 Executing VM operation: G1CollectForAllocation done
Event: 468.022 Executing VM operation: Cleanup
Event: 468.069 Executing VM operation: Cleanup done

Events (20 events):
Event: 407.216 Thread 0x0000024e7aea9280 flushing nmethod 0x0000024e656b8390
Event: 407.216 Thread 0x0000024e7aea9280 flushing nmethod 0x0000024e656c5810
Event: 407.217 Thread 0x0000024e7aea9280 flushing nmethod 0x0000024e656e6890
Event: 407.217 Thread 0x0000024e7aea9280 flushing nmethod 0x0000024e656f4990
Event: 407.218 Thread 0x0000024e7aea9280 flushing nmethod 0x0000024e65741590
Event: 407.218 Thread 0x0000024e7aea9280 flushing nmethod 0x0000024e65744290
Event: 407.218 Thread 0x0000024e7aea9280 flushing nmethod 0x0000024e6575ae10
Event: 407.219 Thread 0x0000024e7aea9280 flushing nmethod 0x0000024e657ca390
Event: 407.223 Thread 0x0000024e7aea9280 flushing nmethod 0x0000024e65a19b90
Event: 407.225 Thread 0x0000024e7aea9280 flushing nmethod 0x0000024e65a9fa10
Event: 407.225 Thread 0x0000024e7aea9280 flushing nmethod 0x0000024e65aa0510
Event: 407.226 Thread 0x0000024e7aea9280 flushing nmethod 0x0000024e65b22c90
Event: 407.228 Thread 0x0000024e7aea9280 flushing nmethod 0x0000024e65c4bf10
Event: 407.229 Thread 0x0000024e7aea9280 flushing nmethod 0x0000024e65ce3890
Event: 407.231 Thread 0x0000024e7aea9280 flushing nmethod 0x0000024e65de4190
Event: 407.233 Thread 0x0000024e7aea9280 flushing nmethod 0x0000024e65f89310
Event: 430.150 Thread 0x0000024e2c9477e0 Thread added: 0x0000024e2c9477e0
Event: 431.858 Thread 0x0000024e2c9487d0 Thread added: 0x0000024e2c9487d0
Event: 432.853 Thread 0x0000024e2c9487d0 Thread exited: 0x0000024e2c9487d0
Event: 433.260 Thread 0x0000024e2c9477e0 Thread exited: 0x0000024e2c9477e0


Dynamic libraries:
0x00007ff7822a0000 - 0x00007ff7822b0000 	C:\Program Files\Java\jdk-17\bin\java.exe
0x00007ff89ce60000 - 0x00007ff89d0c6000 	C:\Windows\SYSTEM32\ntdll.dll
0x00007ff89bf00000 - 0x00007ff89bfc9000 	C:\Windows\System32\KERNEL32.DLL
0x00007ff89a780000 - 0x00007ff89ab7e000 	C:\Windows\System32\KERNELBASE.dll
0x00007ff896960000 - 0x00007ff896a00000 	C:\Windows\SYSTEM32\apphelp.dll
0x00007ff89a1b0000 - 0x00007ff89a2fc000 	C:\Windows\System32\ucrtbase.dll
0x00007ff890f90000 - 0x00007ff890fa9000 	C:\Program Files\Java\jdk-17\bin\jli.dll
0x00007ff8878e0000 - 0x00007ff8878fb000 	C:\Program Files\Java\jdk-17\bin\VCRUNTIME140.dll
0x00007ff89c440000 - 0x00007ff89c4f7000 	C:\Windows\System32\ADVAPI32.dll
0x00007ff89c8d0000 - 0x00007ff89c979000 	C:\Windows\System32\msvcrt.dll
0x00007ff89c2b0000 - 0x00007ff89c35a000 	C:\Windows\System32\sechost.dll
0x00007ff89c500000 - 0x00007ff89c618000 	C:\Windows\System32\RPCRT4.dll
0x00007ff89ab90000 - 0x00007ff89ad57000 	C:\Windows\System32\USER32.dll
0x00007ff8837e0000 - 0x00007ff883a72000 	C:\Windows\WinSxS\amd64_microsoft.windows.common-controls_6595b64144ccf1df_6.0.26100.8875_none_3e0d5d42e32fe9dd\COMCTL32.dll
0x00007ff89a490000 - 0x00007ff89a4b7000 	C:\Windows\System32\win32u.dll
0x00007ff89ca10000 - 0x00007ff89ca3b000 	C:\Windows\System32\GDI32.dll
0x00007ff89a080000 - 0x00007ff89a1aa000 	C:\Windows\System32\gdi32full.dll
0x00007ff89a580000 - 0x00007ff89a623000 	C:\Windows\System32\msvcp_win.dll
0x00007ff891630000 - 0x00007ff89163b000 	C:\Windows\SYSTEM32\VERSION.dll
0x00007ff89ca40000 - 0x00007ff89ca72000 	C:\Windows\System32\IMM32.DLL
0x00007ff88c8f0000 - 0x00007ff88c8fc000 	C:\Program Files\Java\jdk-17\bin\vcruntime140_1.dll
0x00007ff85a260000 - 0x00007ff85a2ee000 	C:\Program Files\Java\jdk-17\bin\msvcp140.dll
0x00007fffe7f00000 - 0x00007fffe8ae0000 	C:\Program Files\Java\jdk-17\bin\server\jvm.dll
0x00007ff89ca80000 - 0x00007ff89ca88000 	C:\Windows\System32\PSAPI.DLL
0x00007ff88c410000 - 0x00007ff88c446000 	C:\Windows\SYSTEM32\WINMM.dll
0x00007ff894810000 - 0x00007ff89481a000 	C:\Windows\SYSTEM32\WSOCK32.dll
0x00007ff89c840000 - 0x00007ff89c8c0000 	C:\Windows\System32\WS2_32.dll
0x00007ff898d60000 - 0x00007ff898d7b000 	C:\Windows\SYSTEM32\kernel.appcore.dll
0x00007ff88c700000 - 0x00007ff88c70a000 	C:\Program Files\Java\jdk-17\bin\jimage.dll
0x00007ff897870000 - 0x00007ff897ab2000 	C:\Windows\SYSTEM32\DBGHELP.DLL
0x00007ff89ca90000 - 0x00007ff89ce13000 	C:\Windows\System32\combase.dll
0x00007ff89c360000 - 0x00007ff89c439000 	C:\Windows\System32\OLEAUT32.dll
0x00007ff87d440000 - 0x00007ff87d47b000 	C:\Windows\SYSTEM32\dbgcore.DLL
0x00007ff89a4c0000 - 0x00007ff89a56c000 	C:\Windows\System32\bcryptPrimitives.dll
0x00007ff884d20000 - 0x00007ff884d2e000 	C:\Program Files\Java\jdk-17\bin\instrument.dll
0x00007ff885d50000 - 0x00007ff885d75000 	C:\Program Files\Java\jdk-17\bin\java.dll
0x00007ff8392a0000 - 0x00007ff839377000 	C:\Program Files\Java\jdk-17\bin\jsvml.dll
0x00007ff89b500000 - 0x00007ff89bc92000 	C:\Windows\System32\SHELL32.dll
0x00007ff897af0000 - 0x00007ff898382000 	C:\Windows\SYSTEM32\windows.storage.dll
0x00007ff89bfd0000 - 0x00007ff89c0c7000 	C:\Windows\System32\SHCORE.dll
0x00007ff89c7d0000 - 0x00007ff89c837000 	C:\Windows\System32\shlwapi.dll
0x00007ff899fa0000 - 0x00007ff899fc9000 	C:\Windows\SYSTEM32\profapi.dll
0x00007ff885cf0000 - 0x00007ff885d08000 	C:\Program Files\Java\jdk-17\bin\zip.dll
0x00007ff8878c0000 - 0x00007ff8878d9000 	C:\Program Files\Java\jdk-17\bin\net.dll
0x00007ff892310000 - 0x00007ff892437000 	C:\Windows\SYSTEM32\WINHTTP.dll
0x00007ff899310000 - 0x00007ff89937c000 	C:\Windows\system32\mswsock.dll
0x00007ff885d10000 - 0x00007ff885d26000 	C:\Program Files\Java\jdk-17\bin\nio.dll
0x00007ff885c40000 - 0x00007ff885c50000 	C:\Program Files\Java\jdk-17\bin\verify.dll
0x00007ff88cdd0000 - 0x00007ff88cdf7000 	C:\Users\Sandipan\.gradle\native\c067742578af261105cb4f569cf0c3c89f3d7b1fecec35dd04571415982c5e48\windows-amd64\native-platform.dll
0x00007ff87a0a0000 - 0x00007ff87a1e4000 	C:\Users\Sandipan\.gradle\native\100fb08df4bc3b14c8652ba06237920a3bd2aa13389f12d3474272988ae205f9\windows-amd64\native-platform-file-events.dll
0x00007ff88c060000 - 0x00007ff88c06a000 	C:\Program Files\Java\jdk-17\bin\management.dll
0x00007ff885ce0000 - 0x00007ff885ceb000 	C:\Program Files\Java\jdk-17\bin\management_ext.dll
0x00007ff899610000 - 0x00007ff89962b000 	C:\Windows\SYSTEM32\CRYPTSP.dll
0x00007ff898cc0000 - 0x00007ff898cf9000 	C:\Windows\system32\rsaenh.dll
0x00007ff8993d0000 - 0x00007ff899402000 	C:\Windows\SYSTEM32\USERENV.dll
0x00007ff899f70000 - 0x00007ff899f9a000 	C:\Windows\SYSTEM32\bcrypt.dll
0x00007ff899630000 - 0x00007ff89963c000 	C:\Windows\SYSTEM32\CRYPTBASE.dll
0x00007ff8986f0000 - 0x00007ff898723000 	C:\Windows\SYSTEM32\IPHLPAPI.DLL
0x00007ff89c7c0000 - 0x00007ff89c7ca000 	C:\Windows\System32\NSI.dll
0x00007ff893060000 - 0x00007ff89307d000 	C:\Windows\SYSTEM32\dhcpcsvc6.DLL
0x00007ff893030000 - 0x00007ff893055000 	C:\Windows\SYSTEM32\dhcpcsvc.DLL
0x00007ff898780000 - 0x00007ff8988d6000 	C:\Windows\SYSTEM32\DNSAPI.dll
0x00007ff8990f0000 - 0x00007ff8990fd000 	C:\Windows\SYSTEM32\DSPARSE.dll
0x00007ff884c90000 - 0x00007ff884c9e000 	C:\Program Files\Java\jdk-17\bin\sunmscapi.dll
0x00007ff89a310000 - 0x00007ff89a488000 	C:\Windows\System32\CRYPT32.dll
0x00007ff899850000 - 0x00007ff899880000 	C:\Windows\SYSTEM32\ncrypt.dll
0x00007ff899800000 - 0x00007ff89983f000 	C:\Windows\SYSTEM32\NTASN1.dll
0x00007ff8947d0000 - 0x00007ff8947d8000 	C:\Windows\system32\wshunix.dll
0x00007ff8916e0000 - 0x00007ff8916eb000 	C:\Windows\System32\rasadhlp.dll
0x00007ff893520000 - 0x00007ff8935a6000 	C:\Windows\System32\fwpuclnt.dll

dbghelp: loaded successfully - version: 4.0.5 - missing functions: none
symbol engine: initialized successfully - sym options: 0x614 - pdb path: .;C:\Program Files\Java\jdk-17\bin;C:\Windows\SYSTEM32;C:\Windows\WinSxS\amd64_microsoft.windows.common-controls_6595b64144ccf1df_6.0.26100.8875_none_3e0d5d42e32fe9dd;C:\Program Files\Java\jdk-17\bin\server;C:\Users\Sandipan\.gradle\native\c067742578af261105cb4f569cf0c3c89f3d7b1fecec35dd04571415982c5e48\windows-amd64;C:\Users\Sandipan\.gradle\native\100fb08df4bc3b14c8652ba06237920a3bd2aa13389f12d3474272988ae205f9\windows-amd64

VM Arguments:
jvm_args: -XX:MaxMetaspaceSize=512m --add-opens=java.base/java.util=ALL-UNNAMED --add-opens=java.base/java.lang=ALL-UNNAMED --add-opens=java.base/java.lang.invoke=ALL-UNNAMED --add-opens=java.prefs/java.util.prefs=ALL-UNNAMED --add-exports=jdk.compiler/com.sun.tools.javac.api=ALL-UNNAMED --add-exports=jdk.compiler/com.sun.tools.javac.util=ALL-UNNAMED --add-opens=java.base/java.nio.charset=ALL-UNNAMED --add-opens=java.base/java.net=ALL-UNNAMED --add-opens=java.base/java.util.concurrent.atomic=ALL-UNNAMED -Xmx2048m -Dfile.encoding=utf8 -Duser.country=IN -Duser.language=en -Duser.variant -javaagent:C:\Users\Sandipan\.gradle\wrapper\dists\gradle-8.9-bin\90cnw93cvbtalezasaz0blq0a\gradle-8.9\lib\agents\gradle-instrumentation-agent-8.9.jar 
java_command: org.gradle.launcher.daemon.bootstrap.GradleDaemon 8.9
java_class_path (initial): C:\Users\Sandipan\.gradle\wrapper\dists\gradle-8.9-bin\90cnw93cvbtalezasaz0blq0a\gradle-8.9\lib\gradle-daemon-main-8.9.jar
Launcher Type: SUN_STANDARD

[Global flags]
     intx CICompilerCount                          = 4                                         {product} {ergonomic}
   size_t CompressedClassSpaceSize                 = 436207616                                 {product} {ergonomic}
     uint ConcGCThreads                            = 2                                         {product} {ergonomic}
     uint G1ConcRefinementThreads                  = 8                                         {product} {ergonomic}
   size_t G1HeapRegionSize                         = 1048576                                   {product} {ergonomic}
    uintx GCDrainStackTargetSize                   = 64                                        {product} {ergonomic}
   size_t InitialHeapSize                          = 98566144                                  {product} {ergonomic}
   size_t MarkStackSize                            = 4194304                                   {product} {ergonomic}
   size_t MaxHeapSize                              = 2147483648                                {product} {command line}
   size_t MaxMetaspaceSize                         = 536870912                                 {product} {command line}
   size_t MaxNewSize                               = 1287651328                                {product} {ergonomic}
   size_t MinHeapDeltaBytes                        = 1048576                                   {product} {ergonomic}
   size_t MinHeapSize                              = 8388608                                   {product} {ergonomic}
    uintx NonNMethodCodeHeapSize                   = 5839372                                {pd product} {ergonomic}
    uintx NonProfiledCodeHeapSize                  = 122909434                              {pd product} {ergonomic}
    uintx ProfiledCodeHeapSize                     = 122909434                              {pd product} {ergonomic}
    uintx ReservedCodeCacheSize                    = 251658240                              {pd product} {ergonomic}
     bool SegmentedCodeCache                       = true                                      {product} {ergonomic}
   size_t SoftMaxHeapSize                          = 2147483648                             {manageable} {ergonomic}
     bool UseCompressedClassPointers               = true                           {product lp64_product} {ergonomic}
     bool UseCompressedOops                        = true                           {product lp64_product} {ergonomic}
     bool UseG1GC                                  = true                                      {product} {ergonomic}
     bool UseLargePagesIndividualAllocation        = false                                  {pd product} {ergonomic}

Logging:
Log output configuration:
 #0: stdout all=warning uptime,level,tags
 #1: stderr all=off uptime,level,tags

Environment Variables:
PATH=C:\Program Files\Python312\Scripts\;C:\Program Files\Java\jdk-17\bin;C:\Program Files\Python312\;C:\Windows\system32;C:\Windows;C:\Windows\System32\Wbem;C:\Windows\System32\WindowsPowerShell\v1.0\;C:\Windows\System32\OpenSSH\;C:\Users\Sandipan\AppData\Local\Android\Sdk\emulator;C:\Users\Sandipan\AppData\Local\Android\Sdk\platform-tools;C:\MinGW\bin;C:\Program Files\dotnet\;C:\Program Files\nodejs\;C:\Program Files\Git\cmd;C:\Program Files\Git\mingw64\bin;C:\Program Files\Git\usr\bin;C:\Program Files\Go\bin;C:\Program Files\PowerShell\7\;C:\Program Files (x86)\Common Files\Oracle\Java\javapath;C:\Program Files (x86)\Common Files\Oracle\Java\java8path;C:\Program Files\Common Files\Oracle\Java\javapath;C:\Program Files\Java\jdk-24\bin;C:\Program Files\cursor\resources\app\bin;C:\Program Files\CMake\bin;C:\Users\Sandipan\AppData\Local\Programs\Microsoft VS Code\bin;C:\Users\Sandipan\AppData\Local\Programs\oh-my-posh\bin;C:\Users\Sandipan\AppData\Local\Microsoft\WindowsApps;C:\Program Files\fastfetch;C:\Users\Sandipan\AppData\Roaming\npm;C:\flutter\bin;C:\Users\Sandipan\AppData\Local\Programs\Antigravity\bin;C:\Users\Sandipan\AppData\Local\Programs\Antigravity IDE\bin;C:\Program Files\JetBrains\IntelliJ IDEA 2026.1.4\bin;C:\Users\Sandipan\AppData\Local\Programs\DockerDesktop\resources\bin
USERNAME=Sandipan
OS=Windows_NT
PROCESSOR_IDENTIFIER=AMD64 Family 23 Model 160 Stepping 0, AuthenticAMD



---------------  S Y S T E M  ---------------

OS:
 Windows 11 , 64 bit Build 26100 (10.0.26100.8875)
OS uptime: 0 days 2:16 hours
Hyper-V role detected

CPU: total 8 (initial active 8) (8 cores per cpu, 2 threads per core) family 23 model 160 stepping 0 microcode 0x8a0000b, cx8, cmov, fxsr, ht, mmx, 3dnowpref, sse, sse2, sse3, ssse3, sse4a, sse4.1, sse4.2, popcnt, lzcnt, tsc, tscinvbit, avx, avx2, aes, clmul, bmi1, bmi2, adx, sha, fma, vzeroupper, clflush, clflushopt, hv

Memory: 4k page, system-wide physical 5965M (194M free)
TotalPageFile size 24397M (AvailPageFile size 3M)
current process WorkingSet (physical memory assigned to process): 120M, peak: 416M
current process commit charge ("private bytes"): 663M, peak: 667M

vm_info: Java HotSpot(TM) 64-Bit Server VM (17.0.12+8-LTS-286) for windows-amd64 JRE (17.0.12+8-LTS-286), built on Jun  5 2024 06:46:59 by "mach5one" with MS VC++ 17.6 (VS2022)

END.
